  Determining projects to restore...
I:\Visual Studio\XivMediaPlayer\XivMediaPlayer.Server\XivMediaPlayer.Server.csproj : warning NU1903: Package 'SQLitePCLRaw.lib.e_sqlite3' 2.1.11 has a known high severity vulnerability, https://github.com/advisories/GHSA-2m69-gcr7-jv3q [I:\Visual Studio\XivMediaPlayer\XivMediaPlayer.sln]
I:\Visual Studio\XivMediaPlayer\MediaPlayerCore\MediaPlayerCore.csproj : warning NU1902: Package 'SixLabors.ImageSharp' 3.1.7 has a known moderate severity vulnerability, https://github.com/advisories/GHSA-rxmq-m78w-7wmc [I:\Visual Studio\XivMediaPlayer\XivMediaPlayer.sln]
I:\Visual Studio\XivMediaPlayer\XivMediaPlayer\XivMediaPlayer.csproj : warning NU1902: Package 'SixLabors.ImageSharp' 3.1.7 has a known moderate severity vulnerability, https://github.com/advisories/GHSA-rxmq-m78w-7wmc [I:\Visual Studio\XivMediaPlayer\XivMediaPlayer.sln]
  All projects are up-to-date for restore.
I:\Visual Studio\XivMediaPlayer\XivMediaPlayer.Server\XivMediaPlayer.Server.csproj : warning NU1903: Package 'SQLitePCLRaw.lib.e_sqlite3' 2.1.11 has a known high severity vulnerability, https://github.com/advisories/GHSA-2m69-gcr7-jv3q
I:\Visual Studio\XivMediaPlayer\MediaPlayerCore\MediaPlayerCore.csproj : warning NU1902: Package 'SixLabors.ImageSharp' 3.1.7 has a known moderate severity vulnerability, https://github.com/advisories/GHSA-rxmq-m78w-7wmc
  Dalamud.NET.Sdk: root at C:\Users\stel9\AppData\Roaming\XIVLauncher\addon\Hooks\dev\
I:\Visual Studio\XivMediaPlayer\XivMediaPlayer\XivMediaPlayer.csproj : warning NU1902: Package 'SixLabors.ImageSharp' 3.1.7 has a known moderate severity vulnerability, https://github.com/advisories/GHSA-rxmq-m78w-7wmc
  XivMediaPlayer.Server -> I:\Visual Studio\XivMediaPlayer\XivMediaPlayer.Server\bin\Debug\net10.0\XivMediaPlayer.Server.dll
  MediaPlayerCore -> I:\Visual Studio\XivMediaPlayer\MediaPlayerCore\bin\Debug\net7.0-windows\MediaPlayerCore.dll
I:\Visual Studio\XivMediaPlayer\XivMediaPlayer\Compositing\WorldVideoRenderer.cs(80,97): warning CS8625: Cannot convert null literal to non-nullable reference type. [I:\Visual Studio\XivMediaPlayer\XivMediaPlayer\XivMediaPlayer.csproj]
I:\Visual Studio\XivMediaPlayer\XivMediaPlayer\Windows\SettingsWindow.cs(11,63): warning CS8625: Cannot convert null literal to non-nullable reference type. [I:\Visual Studio\XivMediaPlayer\XivMediaPlayer\XivMediaPlayer.csproj]
I:\Visual Studio\XivMediaPlayer\XivMediaPlayer\Compositing\WorldVideoRenderer.cs(82,87): warning CS8625: Cannot convert null literal to non-nullable reference type. [I:\Visual Studio\XivMediaPlayer\XivMediaPlayer\XivMediaPlayer.csproj]
I:\Visual Studio\XivMediaPlayer\XivMediaPlayer\Compositing\HistoryMenuTextureManager.cs(18,34): warning CS8618: Non-nullable property 'Entry' must contain a non-null value when exiting constructor. Consider adding the 'required' modifier or declaring the property as nullable. [I:\Visual Studio\XivMediaPlayer\XivMediaPlayer\XivMediaPlayer.csproj]
I:\Visual Studio\XivMediaPlayer\XivMediaPlayer\Compositing\UILayerCapture.cs(34,12): warning CS8618: Non-nullable field '_context' must contain a non-null value when exiting constructor. Consider adding the 'required' modifier or declaring the field as nullable. [I:\Visual Studio\XivMediaPlayer\XivMediaPlayer\XivMediaPlayer.csproj]
I:\Visual Studio\XivMediaPlayer\XivMediaPlayer\Compositing\UILayerCapture.cs(34,12): warning CS8618: Non-nullable field '_device' must contain a non-null value when exiting constructor. Consider adding the 'required' modifier or declaring the field as nullable. [I:\Visual Studio\XivMediaPlayer\XivMediaPlayer\XivMediaPlayer.csproj]
I:\Visual Studio\XivMediaPlayer\XivMediaPlayer\Compositing\UILayerCapture.cs(34,12): warning CS8618: Non-nullable field '_backBufferCopy' must contain a non-null value when exiting constructor. Consider adding the 'required' modifier or declaring the field as nullable. [I:\Visual Studio\XivMediaPlayer\XivMediaPlayer\XivMediaPlayer.csproj]
I:\Visual Studio\XivMediaPlayer\XivMediaPlayer\Compositing\UILayerCapture.cs(34,12): warning CS8618: Non-nullable field '_backBufferSRV' must contain a non-null value when exiting constructor. Consider adding the 'required' modifier or declaring the field as nullable. [I:\Visual Studio\XivMediaPlayer\XivMediaPlayer\XivMediaPlayer.csproj]
I:\Visual Studio\XivMediaPlayer\XivMediaPlayer\Compositing\UILayerCapture.cs(34,12): warning CS8618: Non-nullable field '_stagingTexture' must contain a non-null value when exiting constructor. Consider adding the 'required' modifier or declaring the field as nullable. [I:\Visual Studio\XivMediaPlayer\XivMediaPlayer\XivMediaPlayer.csproj]
I:\Visual Studio\XivMediaPlayer\XivMediaPlayer\Compositing\UILayerCapture.cs(34,12): warning CS8618: Non-nullable field '_unk68StagingTexture' must contain a non-null value when exiting constructor. Consider adding the 'required' modifier or declaring the field as nullable. [I:\Visual Studio\XivMediaPlayer\XivMediaPlayer\XivMediaPlayer.csproj]
I:\Visual Studio\XivMediaPlayer\XivMediaPlayer\Compositing\UILayerCapture.cs(34,12): warning CS8618: Non-nullable field '_previewStagingTexture' must contain a non-null value when exiting constructor. Consider adding the 'required' modifier or declaring the field as nullable. [I:\Visual Studio\XivMediaPlayer\XivMediaPlayer\XivMediaPlayer.csproj]
I:\Visual Studio\XivMediaPlayer\XivMediaPlayer\Compositing\UILayerCapture.cs(34,12): warning CS8618: Non-nullable property 'LastAlphaData' must contain a non-null value when exiting constructor. Consider adding the 'required' modifier or declaring the property as nullable. [I:\Visual Studio\XivMediaPlayer\XivMediaPlayer\XivMediaPlayer.csproj]
I:\Visual Studio\XivMediaPlayer\XivMediaPlayer\Compositing\UILayerCapture.cs(34,12): warning CS8618: Non-nullable property 'LastColorData' must contain a non-null value when exiting constructor. Consider adding the 'required' modifier or declaring the property as nullable. [I:\Visual Studio\XivMediaPlayer\XivMediaPlayer\XivMediaPlayer.csproj]
I:\Visual Studio\XivMediaPlayer\XivMediaPlayer\Compositing\WorldVideoRenderer.cs(71,12): warning CS8618: Non-nullable property 'DepthDebugInfo' must contain a non-null value when exiting constructor. Consider adding the 'required' modifier or declaring the property as nullable. [I:\Visual Studio\XivMediaPlayer\XivMediaPlayer\XivMediaPlayer.csproj]
I:\Visual Studio\XivMediaPlayer\XivMediaPlayer\script.cs(7,18): warning CS8600: Converting null literal or possible null value to non-nullable type. [I:\Visual Studio\XivMediaPlayer\XivMediaPlayer\XivMediaPlayer.csproj]
I:\Visual Studio\XivMediaPlayer\XivMediaPlayer\script.cs(8,26): warning CS8602: Dereference of a possibly null reference. [I:\Visual Studio\XivMediaPlayer\XivMediaPlayer\XivMediaPlayer.csproj]
I:\Visual Studio\XivMediaPlayer\XivMediaPlayer\Compositing\TitleTextureManager.cs(30,16): warning CS8618: Non-nullable field '_textureWrap' must contain a non-null value when exiting constructor. Consider adding the 'required' modifier or declaring the field as nullable. [I:\Visual Studio\XivMediaPlayer\XivMediaPlayer\XivMediaPlayer.csproj]
I:\Visual Studio\XivMediaPlayer\XivMediaPlayer\Compositing\HistoryMenuTextureManager.cs(38,16): warning CS8618: Non-nullable field '_textureWrap' must contain a non-null value when exiting constructor. Consider adding the 'required' modifier or declaring the field as nullable. [I:\Visual Studio\XivMediaPlayer\XivMediaPlayer\XivMediaPlayer.csproj]
I:\Visual Studio\XivMediaPlayer\XivMediaPlayer\Windows\VideoWindow.cs(43,12): warning CS8618: Non-nullable field 'textureWrap' must contain a non-null value when exiting constructor. Consider adding the 'required' modifier or declaring the field as nullable. [I:\Visual Studio\XivMediaPlayer\XivMediaPlayer\XivMediaPlayer.csproj]
I:\Visual Studio\XivMediaPlayer\XivMediaPlayer\Windows\VideoWindow.cs(43,12): warning CS8618: Non-nullable field '_mediaManager' must contain a non-null value when exiting constructor. Consider adding the 'required' modifier or declaring the field as nullable. [I:\Visual Studio\XivMediaPlayer\XivMediaPlayer\XivMediaPlayer.csproj]
I:\Visual Studio\XivMediaPlayer\XivMediaPlayer\Windows\VideoWindow.cs(43,12): warning CS8618: Non-nullable event 'WindowResized' must contain a non-null value when exiting constructor. Consider adding the 'required' modifier or declaring the event as nullable. [I:\Visual Studio\XivMediaPlayer\XivMediaPlayer\XivMediaPlayer.csproj]
I:\Visual Studio\XivMediaPlayer\XivMediaPlayer\Windows\VideoWindow.cs(43,12): warning CS8618: Non-nullable field '_videoTexture' must contain a non-null value when exiting constructor. Consider adding the 'required' modifier or declaring the field as nullable. [I:\Visual Studio\XivMediaPlayer\XivMediaPlayer\XivMediaPlayer.csproj]
I:\Visual Studio\XivMediaPlayer\XivMediaPlayer\Windows\VideoWindow.cs(43,12): warning CS8618: Non-nullable field '_blackFrame' must contain a non-null value when exiting constructor. Consider adding the 'required' modifier or declaring the field as nullable. [I:\Visual Studio\XivMediaPlayer\XivMediaPlayer\XivMediaPlayer.csproj]
I:\Visual Studio\XivMediaPlayer\XivMediaPlayer\Windows\VideoWindow.cs(43,12): warning CS8618: Non-nullable field '_lastLoadedFrame' must contain a non-null value when exiting constructor. Consider adding the 'required' modifier or declaring the field as nullable. [I:\Visual Studio\XivMediaPlayer\XivMediaPlayer\XivMediaPlayer.csproj]
I:\Visual Studio\XivMediaPlayer\XivMediaPlayer\Networking\SyncClient.cs(16,16): warning CS8618: Non-nullable field '_connection' must contain a non-null value when exiting constructor. Consider adding the 'required' modifier or declaring the field as nullable. [I:\Visual Studio\XivMediaPlayer\XivMediaPlayer\XivMediaPlayer.csproj]
I:\Visual Studio\XivMediaPlayer\XivMediaPlayer\Networking\SyncClient.cs(16,16): warning CS8618: Non-nullable field '_currentRoom' must contain a non-null value when exiting constructor. Consider adding the 'required' modifier or declaring the field as nullable. [I:\Visual Studio\XivMediaPlayer\XivMediaPlayer\XivMediaPlayer.csproj]
I:\Visual Studio\XivMediaPlayer\XivMediaPlayer\Configuration.cs(84,12): warning CS8618: Non-nullable event 'OnConfigurationChanged' must contain a non-null value when exiting constructor. Consider adding the 'required' modifier or declaring the event as nullable. [I:\Visual Studio\XivMediaPlayer\XivMediaPlayer\XivMediaPlayer.csproj]
I:\Visual Studio\XivMediaPlayer\XivMediaPlayer\Configuration.cs(84,12): warning CS8618: Non-nullable field 'pluginInterface' must contain a non-null value when exiting constructor. Consider adding the 'required' modifier or declaring the field as nullable. [I:\Visual Studio\XivMediaPlayer\XivMediaPlayer\XivMediaPlayer.csproj]
I:\Visual Studio\XivMediaPlayer\XivMediaPlayer\Compositing\UILayerCapture.cs(88,23): warning CS8625: Cannot convert null literal to non-nullable reference type. [I:\Visual Studio\XivMediaPlayer\XivMediaPlayer\XivMediaPlayer.csproj]
I:\Visual Studio\XivMediaPlayer\XivMediaPlayer\Compositing\UILayerCapture.cs(93,32): warning CS8625: Cannot convert null literal to non-nullable reference type. [I:\Visual Studio\XivMediaPlayer\XivMediaPlayer\XivMediaPlayer.csproj]
I:\Visual Studio\XivMediaPlayer\XivMediaPlayer\Compositing\UILayerCapture.cs(94,39): warning CS8625: Cannot convert null literal to non-nullable reference type. [I:\Visual Studio\XivMediaPlayer\XivMediaPlayer\XivMediaPlayer.csproj]
I:\Visual Studio\XivMediaPlayer\XivMediaPlayer\Compositing\VignetteExtractor.cs(222,49): warning CS8625: Cannot convert null literal to non-nullable reference type. [I:\Visual Studio\XivMediaPlayer\XivMediaPlayer\XivMediaPlayer.csproj]
I:\Visual Studio\XivMediaPlayer\XivMediaPlayer\Compositing\VignetteExtractor.cs(223,49): warning CS8625: Cannot convert null literal to non-nullable reference type. [I:\Visual Studio\XivMediaPlayer\XivMediaPlayer\XivMediaPlayer.csproj]
I:\Visual Studio\XivMediaPlayer\XivMediaPlayer\Compositing\VignetteExtractor.cs(224,49): warning CS8625: Cannot convert null literal to non-nullable reference type. [I:\Visual Studio\XivMediaPlayer\XivMediaPlayer\XivMediaPlayer.csproj]
I:\Visual Studio\XivMediaPlayer\XivMediaPlayer\Compositing\VignetteExtractor.cs(234,49): warning CS8625: Cannot convert null literal to non-nullable reference type. [I:\Visual Studio\XivMediaPlayer\XivMediaPlayer\XivMediaPlayer.csproj]
I:\Visual Studio\XivMediaPlayer\XivMediaPlayer\Compositing\TitleTextureManager.cs(45,28): warning CS8625: Cannot convert null literal to non-nullable reference type. [I:\Visual Studio\XivMediaPlayer\XivMediaPlayer\XivMediaPlayer.csproj]
I:\Visual Studio\XivMediaPlayer\XivMediaPlayer\Compositing\GlowRenderer.cs(186,43): warning CS8600: Converting null literal or possible null value to non-nullable type. [I:\Visual Studio\XivMediaPlayer\XivMediaPlayer\XivMediaPlayer.csproj]
I:\Visual Studio\XivMediaPlayer\XivMediaPlayer\Compositing\GlowRenderer.cs(186,43): warning CS8625: Cannot convert null literal to non-nullable reference type. [I:\Visual Studio\XivMediaPlayer\XivMediaPlayer\XivMediaPlayer.csproj]
I:\Visual Studio\XivMediaPlayer\XivMediaPlayer\Compositing\TitleTextureManager.cs(118,28): warning CS8625: Cannot convert null literal to non-nullable reference type. [I:\Visual Studio\XivMediaPlayer\XivMediaPlayer\XivMediaPlayer.csproj]
I:\Visual Studio\XivMediaPlayer\XivMediaPlayer\Compositing\VignetteExtractor.cs(14,30): warning CS8618: Non-nullable field '_device' must contain a non-null value when exiting constructor. Consider adding the 'required' modifier or declaring the field as nullable. [I:\Visual Studio\XivMediaPlayer\XivMediaPlayer\XivMediaPlayer.csproj]
I:\Visual Studio\XivMediaPlayer\XivMediaPlayer\Compositing\VignetteExtractor.cs(15,37): warning CS8618: Non-nullable field '_context' must contain a non-null value when exiting constructor. Consider adding the 'required' modifier or declaring the field as nullable. [I:\Visual Studio\XivMediaPlayer\XivMediaPlayer\XivMediaPlayer.csproj]
I:\Visual Studio\XivMediaPlayer\XivMediaPlayer\Compositing\VignetteExtractor.cs(18,36): warning CS8618: Non-nullable field '_vertexShader' must contain a non-null value when exiting constructor. Consider adding the 'required' modifier or declaring the field as nullable. [I:\Visual Studio\XivMediaPlayer\XivMediaPlayer\XivMediaPlayer.csproj]
I:\Visual Studio\XivMediaPlayer\XivMediaPlayer\Compositing\VignetteExtractor.cs(19,35): warning CS8618: Non-nullable field '_extractShader' must contain a non-null value when exiting constructor. Consider adding the 'required' modifier or declaring the field as nullable. [I:\Visual Studio\XivMediaPlayer\XivMediaPlayer\XivMediaPlayer.csproj]
I:\Visual Studio\XivMediaPlayer\XivMediaPlayer\Compositing\VignetteExtractor.cs(20,35): warning CS8618: Non-nullable field '_extrapolateShader' must contain a non-null value when exiting constructor. Consider adding the 'required' modifier or declaring the field as nullable. [I:\Visual Studio\XivMediaPlayer\XivMediaPlayer\XivMediaPlayer.csproj]
I:\Visual Studio\XivMediaPlayer\XivMediaPlayer\Compositing\VignetteExtractor.cs(21,36): warning CS8618: Non-nullable field '_linearSampler' must contain a non-null value when exiting constructor. Consider adding the 'required' modifier or declaring the field as nullable. [I:\Visual Studio\XivMediaPlayer\XivMediaPlayer\XivMediaPlayer.csproj]
I:\Visual Studio\XivMediaPlayer\XivMediaPlayer\Compositing\VignetteExtractor.cs(22,34): warning CS8618: Non-nullable field '_blendState' must contain a non-null value when exiting constructor. Consider adding the 'required' modifier or declaring the field as nullable. [I:\Visual Studio\XivMediaPlayer\XivMediaPlayer\XivMediaPlayer.csproj]
I:\Visual Studio\XivMediaPlayer\XivMediaPlayer\Compositing\VignetteExtractor.cs(25,33): warning CS8618: Non-nullable field '_rawTexture' must contain a non-null value when exiting constructor. Consider adding the 'required' modifier or declaring the field as nullable. [I:\Visual Studio\XivMediaPlayer\XivMediaPlayer\XivMediaPlayer.csproj]
I:\Visual Studio\XivMediaPlayer\XivMediaPlayer\Compositing\VignetteExtractor.cs(26,42): warning CS8618: Non-nullable field '_rawSRV' must contain a non-null value when exiting constructor. Consider adding the 'required' modifier or declaring the field as nullable. [I:\Visual Studio\XivMediaPlayer\XivMediaPlayer\XivMediaPlayer.csproj]
I:\Visual Studio\XivMediaPlayer\XivMediaPlayer\Compositing\VignetteExtractor.cs(27,40): warning CS8618: Non-nullable field '_rawRTV' must contain a non-null value when exiting constructor. Consider adding the 'required' modifier or declaring the field as nullable. [I:\Visual Studio\XivMediaPlayer\XivMediaPlayer\XivMediaPlayer.csproj]
I:\Visual Studio\XivMediaPlayer\XivMediaPlayer\Compositing\VignetteExtractor.cs(30,33): warning CS8618: Non-nullable field '_extrapTexture' must contain a non-null value when exiting constructor. Consider adding the 'required' modifier or declaring the field as nullable. [I:\Visual Studio\XivMediaPlayer\XivMediaPlayer\XivMediaPlayer.csproj]
I:\Visual Studio\XivMediaPlayer\XivMediaPlayer\Compositing\VignetteExtractor.cs(31,42): warning CS8618: Non-nullable field '_extrapSRV' must contain a non-null value when exiting constructor. Consider adding the 'required' modifier or declaring the field as nullable. [I:\Visual Studio\XivMediaPlayer\XivMediaPlayer\XivMediaPlayer.csproj]
I:\Visual Studio\XivMediaPlayer\XivMediaPlayer\Compositing\VignetteExtractor.cs(32,40): warning CS8618: Non-nullable field '_extrapRTV' must contain a non-null value when exiting constructor. Consider adding the 'required' modifier or declaring the field as nullable. [I:\Visual Studio\XivMediaPlayer\XivMediaPlayer\XivMediaPlayer.csproj]
I:\Visual Studio\XivMediaPlayer\XivMediaPlayer\Compositing\GlowRenderer.cs(15,26): warning CS8618: Non-nullable field '_device' must contain a non-null value when exiting constructor. Consider adding the 'required' modifier or declaring the field as nullable. [I:\Visual Studio\XivMediaPlayer\XivMediaPlayer\XivMediaPlayer.csproj]
I:\Visual Studio\XivMediaPlayer\XivMediaPlayer\Compositing\GlowRenderer.cs(16,33): warning CS8618: Non-nullable field '_context' must contain a non-null value when exiting constructor. Consider adding the 'required' modifier or declaring the field as nullable. [I:\Visual Studio\XivMediaPlayer\XivMediaPlayer\XivMediaPlayer.csproj]
I:\Visual Studio\XivMediaPlayer\XivMediaPlayer\Compositing\GlowRenderer.cs(19,32): warning CS8618: Non-nullable field '_vertexShader' must contain a non-null value when exiting constructor. Consider adding the 'required' modifier or declaring the field as nullable. [I:\Visual Studio\XivMediaPlayer\XivMediaPlayer\XivMediaPlayer.csproj]
I:\Visual Studio\XivMediaPlayer\XivMediaPlayer\Compositing\GlowRenderer.cs(20,31): warning CS8618: Non-nullable field '_pixelShader' must contain a non-null value when exiting constructor. Consider adding the 'required' modifier or declaring the field as nullable. [I:\Visual Studio\XivMediaPlayer\XivMediaPlayer\XivMediaPlayer.csproj]
I:\Visual Studio\XivMediaPlayer\XivMediaPlayer\Compositing\GlowRenderer.cs(21,32): warning CS8618: Non-nullable field '_sampler' must contain a non-null value when exiting constructor. Consider adding the 'required' modifier or declaring the field as nullable. [I:\Visual Studio\XivMediaPlayer\XivMediaPlayer\XivMediaPlayer.csproj]
I:\Visual Studio\XivMediaPlayer\XivMediaPlayer\Compositing\GlowRenderer.cs(22,30): warning CS8618: Non-nullable field '_blendState' must contain a non-null value when exiting constructor. Consider adding the 'required' modifier or declaring the field as nullable. [I:\Visual Studio\XivMediaPlayer\XivMediaPlayer\XivMediaPlayer.csproj]
I:\Visual Studio\XivMediaPlayer\XivMediaPlayer\Compositing\GlowRenderer.cs(25,29): warning CS8618: Non-nullable field '_glowTexture' must contain a non-null value when exiting constructor. Consider adding the 'required' modifier or declaring the field as nullable. [I:\Visual Studio\XivMediaPlayer\XivMediaPlayer\XivMediaPlayer.csproj]
I:\Visual Studio\XivMediaPlayer\XivMediaPlayer\Compositing\GlowRenderer.cs(26,38): warning CS8618: Non-nullable field '_glowSRV' must contain a non-null value when exiting constructor. Consider adding the 'required' modifier or declaring the field as nullable. [I:\Visual Studio\XivMediaPlayer\XivMediaPlayer\XivMediaPlayer.csproj]
I:\Visual Studio\XivMediaPlayer\XivMediaPlayer\Compositing\GlowRenderer.cs(27,36): warning CS8618: Non-nullable field '_glowRTV' must contain a non-null value when exiting constructor. Consider adding the 'required' modifier or declaring the field as nullable. [I:\Visual Studio\XivMediaPlayer\XivMediaPlayer\XivMediaPlayer.csproj]
I:\Visual Studio\XivMediaPlayer\XivMediaPlayer\Compositing\SceneReconstructionPreviewRenderer.cs(243,39): warning CS8600: Converting null literal or possible null value to non-nullable type. [I:\Visual Studio\XivMediaPlayer\XivMediaPlayer\XivMediaPlayer.csproj]
I:\Visual Studio\XivMediaPlayer\XivMediaPlayer\Compositing\SceneReconstructionPreviewRenderer.cs(244,39): warning CS8600: Converting null literal or possible null value to non-nullable type. [I:\Visual Studio\XivMediaPlayer\XivMediaPlayer\XivMediaPlayer.csproj]
I:\Visual Studio\XivMediaPlayer\XivMediaPlayer\Compositing\SceneReconstructionPreviewRenderer.cs(245,39): warning CS8600: Converting null literal or possible null value to non-nullable type. [I:\Visual Studio\XivMediaPlayer\XivMediaPlayer\XivMediaPlayer.csproj]
I:\Visual Studio\XivMediaPlayer\XivMediaPlayer\Compositing\SceneReconstructionPreviewRenderer.cs(246,39): warning CS8600: Converting null literal or possible null value to non-nullable type. [I:\Visual Studio\XivMediaPlayer\XivMediaPlayer\XivMediaPlayer.csproj]
I:\Visual Studio\XivMediaPlayer\XivMediaPlayer\Compositing\SceneReconstructionPreviewRenderer.cs(247,39): warning CS8600: Converting null literal or possible null value to non-nullable type. [I:\Visual Studio\XivMediaPlayer\XivMediaPlayer\XivMediaPlayer.csproj]
I:\Visual Studio\XivMediaPlayer\XivMediaPlayer\Compositing\SceneReconstructionPreviewRenderer.cs(248,50): warning CS8600: Converting null literal or possible null value to non-nullable type. [I:\Visual Studio\XivMediaPlayer\XivMediaPlayer\XivMediaPlayer.csproj]
I:\Visual Studio\XivMediaPlayer\XivMediaPlayer\Compositing\SceneReconstructionPreviewRenderer.cs(249,51): warning CS8600: Converting null literal or possible null value to non-nullable type. [I:\Visual Studio\XivMediaPlayer\XivMediaPlayer\XivMediaPlayer.csproj]
I:\Visual Studio\XivMediaPlayer\XivMediaPlayer\Compositing\SceneReconstructionPreviewRenderer.cs(250,43): warning CS8600: Converting null literal or possible null value to non-nullable type. [I:\Visual Studio\XivMediaPlayer\XivMediaPlayer\XivMediaPlayer.csproj]
I:\Visual Studio\XivMediaPlayer\XivMediaPlayer\Compositing\SceneReconstructionPreviewRenderer.cs(368,17): warning CS8625: Cannot convert null literal to non-nullable reference type. [I:\Visual Studio\XivMediaPlayer\XivMediaPlayer\XivMediaPlayer.csproj]
I:\Visual Studio\XivMediaPlayer\XivMediaPlayer\Compositing\SceneReconstructionPreviewRenderer.cs(369,18): warning CS8625: Cannot convert null literal to non-nullable reference type. [I:\Visual Studio\XivMediaPlayer\XivMediaPlayer\XivMediaPlayer.csproj]
I:\Visual Studio\XivMediaPlayer\XivMediaPlayer\Compositing\SceneReconstructionPreviewRenderer.cs(13,26): warning CS8618: Non-nullable field '_device' must contain a non-null value when exiting constructor. Consider adding the 'required' modifier or declaring the field as nullable. [I:\Visual Studio\XivMediaPlayer\XivMediaPlayer\XivMediaPlayer.csproj]
I:\Visual Studio\XivMediaPlayer\XivMediaPlayer\Compositing\SceneReconstructionPreviewRenderer.cs(14,33): warning CS8618: Non-nullable field '_context' must contain a non-null value when exiting constructor. Consider adding the 'required' modifier or declaring the field as nullable. [I:\Visual Studio\XivMediaPlayer\XivMediaPlayer\XivMediaPlayer.csproj]
I:\Visual Studio\XivMediaPlayer\XivMediaPlayer\Compositing\SceneReconstructionPreviewRenderer.cs(17,32): warning CS8618: Non-nullable field '_vertexShader' must contain a non-null value when exiting constructor. Consider adding the 'required' modifier or declaring the field as nullable. [I:\Visual Studio\XivMediaPlayer\XivMediaPlayer\XivMediaPlayer.csproj]
I:\Visual Studio\XivMediaPlayer\XivMediaPlayer\Compositing\SceneReconstructionPreviewRenderer.cs(18,31): warning CS8618: Non-nullable field '_pixelShader' must contain a non-null value when exiting constructor. Consider adding the 'required' modifier or declaring the field as nullable. [I:\Visual Studio\XivMediaPlayer\XivMediaPlayer\XivMediaPlayer.csproj]
I:\Visual Studio\XivMediaPlayer\XivMediaPlayer\Compositing\SceneReconstructionPreviewRenderer.cs(19,32): warning CS8618: Non-nullable field '_sampler' must contain a non-null value when exiting constructor. Consider adding the 'required' modifier or declaring the field as nullable. [I:\Visual Studio\XivMediaPlayer\XivMediaPlayer\XivMediaPlayer.csproj]
I:\Visual Studio\XivMediaPlayer\XivMediaPlayer\Compositing\SceneReconstructionPreviewRenderer.cs(20,30): warning CS8618: Non-nullable field '_blendState' must contain a non-null value when exiting constructor. Consider adding the 'required' modifier or declaring the field as nullable. [I:\Visual Studio\XivMediaPlayer\XivMediaPlayer\XivMediaPlayer.csproj]
I:\Visual Studio\XivMediaPlayer\XivMediaPlayer\Compositing\SceneReconstructionPreviewRenderer.cs(23,29): warning CS8618: Non-nullable field '_previewTexture' must contain a non-null value when exiting constructor. Consider adding the 'required' modifier or declaring the field as nullable. [I:\Visual Studio\XivMediaPlayer\XivMediaPlayer\XivMediaPlayer.csproj]
I:\Visual Studio\XivMediaPlayer\XivMediaPlayer\Compositing\SceneReconstructionPreviewRenderer.cs(24,38): warning CS8618: Non-nullable field '_previewSRV' must contain a non-null value when exiting constructor. Consider adding the 'required' modifier or declaring the field as nullable. [I:\Visual Studio\XivMediaPlayer\XivMediaPlayer\XivMediaPlayer.csproj]
I:\Visual Studio\XivMediaPlayer\XivMediaPlayer\Compositing\SceneReconstructionPreviewRenderer.cs(25,36): warning CS8618: Non-nullable field '_previewRTV' must contain a non-null value when exiting constructor. Consider adding the 'required' modifier or declaring the field as nullable. [I:\Visual Studio\XivMediaPlayer\XivMediaPlayer\XivMediaPlayer.csproj]
I:\Visual Studio\XivMediaPlayer\XivMediaPlayer\Compositing\SceneReconstructionPreviewRenderer.cs(29,29): warning CS8618: Non-nullable field '_copyTex0' must contain a non-null value when exiting constructor. Consider adding the 'required' modifier or declaring the field as nullable. [I:\Visual Studio\XivMediaPlayer\XivMediaPlayer\XivMediaPlayer.csproj]
I:\Visual Studio\XivMediaPlayer\XivMediaPlayer\Compositing\SceneReconstructionPreviewRenderer.cs(30,29): warning CS8618: Non-nullable field '_copyTex1' must contain a non-null value when exiting constructor. Consider adding the 'required' modifier or declaring the field as nullable. [I:\Visual Studio\XivMediaPlayer\XivMediaPlayer\XivMediaPlayer.csproj]
I:\Visual Studio\XivMediaPlayer\XivMediaPlayer\Compositing\SceneReconstructionPreviewRenderer.cs(31,29): warning CS8618: Non-nullable field '_copyTex2' must contain a non-null value when exiting constructor. Consider adding the 'required' modifier or declaring the field as nullable. [I:\Visual Studio\XivMediaPlayer\XivMediaPlayer\XivMediaPlayer.csproj]
I:\Visual Studio\XivMediaPlayer\XivMediaPlayer\Compositing\SceneReconstructionPreviewRenderer.cs(32,29): warning CS8618: Non-nullable field '_copyTex3' must contain a non-null value when exiting constructor. Consider adding the 'required' modifier or declaring the field as nullable. [I:\Visual Studio\XivMediaPlayer\XivMediaPlayer\XivMediaPlayer.csproj]
I:\Visual Studio\XivMediaPlayer\XivMediaPlayer\Compositing\SceneReconstructionPreviewRenderer.cs(33,29): warning CS8618: Non-nullable field '_copyTex4' must contain a non-null value when exiting constructor. Consider adding the 'required' modifier or declaring the field as nullable. [I:\Visual Studio\XivMediaPlayer\XivMediaPlayer\XivMediaPlayer.csproj]
I:\Visual Studio\XivMediaPlayer\XivMediaPlayer\Compositing\SceneReconstructionPreviewRenderer.cs(34,29): warning CS8618: Non-nullable field '_copyTexDiff' must contain a non-null value when exiting constructor. Consider adding the 'required' modifier or declaring the field as nullable. [I:\Visual Studio\XivMediaPlayer\XivMediaPlayer\XivMediaPlayer.csproj]
I:\Visual Studio\XivMediaPlayer\XivMediaPlayer\Compositing\SceneReconstructionPreviewRenderer.cs(35,29): warning CS8618: Non-nullable field '_copyTexSpec' must contain a non-null value when exiting constructor. Consider adding the 'required' modifier or declaring the field as nullable. [I:\Visual Studio\XivMediaPlayer\XivMediaPlayer\XivMediaPlayer.csproj]
I:\Visual Studio\XivMediaPlayer\XivMediaPlayer\Compositing\SceneReconstructionPreviewRenderer.cs(36,29): warning CS8618: Non-nullable field '_copyTexUnk' must contain a non-null value when exiting constructor. Consider adding the 'required' modifier or declaring the field as nullable. [I:\Visual Studio\XivMediaPlayer\XivMediaPlayer\XivMediaPlayer.csproj]
I:\Visual Studio\XivMediaPlayer\XivMediaPlayer\Compositing\SceneReconstructionPreviewRenderer.cs(141,26): warning CS8618: Non-nullable field '_constantBuffer' must contain a non-null value when exiting constructor. Consider adding the 'required' modifier or declaring the field as nullable. [I:\Visual Studio\XivMediaPlayer\XivMediaPlayer\XivMediaPlayer.csproj]
I:\Visual Studio\XivMediaPlayer\XivMediaPlayer\Utils\TextureDumper.cs(80,67): warning CS8603: Possible null reference return. [I:\Visual Studio\XivMediaPlayer\XivMediaPlayer\XivMediaPlayer.csproj]
I:\Visual Studio\XivMediaPlayer\XivMediaPlayer\Utils\TextureDumper.cs(82,41): warning CS8600: Converting null literal or possible null value to non-nullable type. [I:\Visual Studio\XivMediaPlayer\XivMediaPlayer\XivMediaPlayer.csproj]
I:\Visual Studio\XivMediaPlayer\XivMediaPlayer\Utils\TextureDumper.cs(83,42): warning CS8600: Converting null literal or possible null value to non-nullable type. [I:\Visual Studio\XivMediaPlayer\XivMediaPlayer\XivMediaPlayer.csproj]
I:\Visual Studio\XivMediaPlayer\XivMediaPlayer\Utils\TextureDumper.cs(84,42): warning CS8600: Converting null literal or possible null value to non-nullable type. [I:\Visual Studio\XivMediaPlayer\XivMediaPlayer\XivMediaPlayer.csproj]
I:\Visual Studio\XivMediaPlayer\XivMediaPlayer\Utils\TextureDumper.cs(121,53): warning CS8600: Converting null literal or possible null value to non-nullable type. [I:\Visual Studio\XivMediaPlayer\XivMediaPlayer\XivMediaPlayer.csproj]
I:\Visual Studio\XivMediaPlayer\XivMediaPlayer\Utils\TextureDumper.cs(121,53): warning CS8625: Cannot convert null literal to non-nullable reference type. [I:\Visual Studio\XivMediaPlayer\XivMediaPlayer\XivMediaPlayer.csproj]
I:\Visual Studio\XivMediaPlayer\XivMediaPlayer\Utils\TextureDumper.cs(164,24): warning CS8603: Possible null reference return. [I:\Visual Studio\XivMediaPlayer\XivMediaPlayer\XivMediaPlayer.csproj]
I:\Visual Studio\XivMediaPlayer\XivMediaPlayer\Utils\TextureDumper.cs(10,30): warning CS8618: Non-nullable field '_device' must contain a non-null value when exiting constructor. Consider adding the 'required' modifier or declaring the field as nullable. [I:\Visual Studio\XivMediaPlayer\XivMediaPlayer\XivMediaPlayer.csproj]
I:\Visual Studio\XivMediaPlayer\XivMediaPlayer\Utils\TextureDumper.cs(11,37): warning CS8618: Non-nullable field '_context' must contain a non-null value when exiting constructor. Consider adding the 'required' modifier or declaring the field as nullable. [I:\Visual Studio\XivMediaPlayer\XivMediaPlayer\XivMediaPlayer.csproj]
I:\Visual Studio\XivMediaPlayer\XivMediaPlayer\Utils\TextureDumper.cs(12,36): warning CS8618: Non-nullable field '_vertexShader' must contain a non-null value when exiting constructor. Consider adding the 'required' modifier or declaring the field as nullable. [I:\Visual Studio\XivMediaPlayer\XivMediaPlayer\XivMediaPlayer.csproj]
I:\Visual Studio\XivMediaPlayer\XivMediaPlayer\Utils\TextureDumper.cs(13,35): warning CS8618: Non-nullable field '_pixelShader' must contain a non-null value when exiting constructor. Consider adding the 'required' modifier or declaring the field as nullable. [I:\Visual Studio\XivMediaPlayer\XivMediaPlayer\XivMediaPlayer.csproj]
I:\Visual Studio\XivMediaPlayer\XivMediaPlayer\Utils\TextureDumper.cs(14,36): warning CS8618: Non-nullable field '_sampler' must contain a non-null value when exiting constructor. Consider adding the 'required' modifier or declaring the field as nullable. [I:\Visual Studio\XivMediaPlayer\XivMediaPlayer\XivMediaPlayer.csproj]
I:\Visual Studio\XivMediaPlayer\XivMediaPlayer\Utils\TextureDumper.cs(15,34): warning CS8618: Non-nullable field '_blendState' must contain a non-null value when exiting constructor. Consider adding the 'required' modifier or declaring the field as nullable. [I:\Visual Studio\XivMediaPlayer\XivMediaPlayer\XivMediaPlayer.csproj]
I:\Visual Studio\XivMediaPlayer\XivMediaPlayer\Compositing\DepthTestedRenderer.cs(997,21): warning CS8602: Dereference of a possibly null reference. [I:\Visual Studio\XivMediaPlayer\XivMediaPlayer\XivMediaPlayer.csproj]
I:\Visual Studio\XivMediaPlayer\XivMediaPlayer\Compositing\DepthTestedRenderer.cs(1028,19): warning CS8601: Possible null reference assignment. [I:\Visual Studio\XivMediaPlayer\XivMediaPlayer\XivMediaPlayer.csproj]
I:\Visual Studio\XivMediaPlayer\XivMediaPlayer\Compositing\DepthTestedRenderer.cs(1030,19): warning CS8601: Possible null reference assignment. [I:\Visual Studio\XivMediaPlayer\XivMediaPlayer\XivMediaPlayer.csproj]
I:\Visual Studio\XivMediaPlayer\XivMediaPlayer\Compositing\DepthTestedRenderer.cs(1032,19): warning CS8601: Possible null reference assignment. [I:\Visual Studio\XivMediaPlayer\XivMediaPlayer\XivMediaPlayer.csproj]
I:\Visual Studio\XivMediaPlayer\XivMediaPlayer\Compositing\DepthTestedRenderer.cs(1034,19): warning CS8601: Possible null reference assignment. [I:\Visual Studio\XivMediaPlayer\XivMediaPlayer\XivMediaPlayer.csproj]
I:\Visual Studio\XivMediaPlayer\XivMediaPlayer\Compositing\DepthTestedRenderer.cs(1036,19): warning CS8601: Possible null reference assignment. [I:\Visual Studio\XivMediaPlayer\XivMediaPlayer\XivMediaPlayer.csproj]
I:\Visual Studio\XivMediaPlayer\XivMediaPlayer\Compositing\DepthTestedRenderer.cs(1038,19): warning CS8601: Possible null reference assignment. [I:\Visual Studio\XivMediaPlayer\XivMediaPlayer\XivMediaPlayer.csproj]
I:\Visual Studio\XivMediaPlayer\XivMediaPlayer\Compositing\DepthTestedRenderer.cs(1040,19): warning CS8601: Possible null reference assignment. [I:\Visual Studio\XivMediaPlayer\XivMediaPlayer\XivMediaPlayer.csproj]
I:\Visual Studio\XivMediaPlayer\XivMediaPlayer\Compositing\DepthTestedRenderer.cs(1055,41): warning CS8600: Converting null literal or possible null value to non-nullable type. [I:\Visual Studio\XivMediaPlayer\XivMediaPlayer\XivMediaPlayer.csproj]
I:\Visual Studio\XivMediaPlayer\XivMediaPlayer\Compositing\DepthTestedRenderer.cs(1055,41): warning CS8625: Cannot convert null literal to non-nullable reference type. [I:\Visual Studio\XivMediaPlayer\XivMediaPlayer\XivMediaPlayer.csproj]
I:\Visual Studio\XivMediaPlayer\XivMediaPlayer\Compositing\DepthTestedRenderer.cs(1056,41): warning CS8600: Converting null literal or possible null value to non-nullable type. [I:\Visual Studio\XivMediaPlayer\XivMediaPlayer\XivMediaPlayer.csproj]
I:\Visual Studio\XivMediaPlayer\XivMediaPlayer\Compositing\DepthTestedRenderer.cs(1056,41): warning CS8625: Cannot convert null literal to non-nullable reference type. [I:\Visual Studio\XivMediaPlayer\XivMediaPlayer\XivMediaPlayer.csproj]
I:\Visual Studio\XivMediaPlayer\XivMediaPlayer\Compositing\DepthTestedRenderer.cs(1057,41): warning CS8600: Converting null literal or possible null value to non-nullable type. [I:\Visual Studio\XivMediaPlayer\XivMediaPlayer\XivMediaPlayer.csproj]
I:\Visual Studio\XivMediaPlayer\XivMediaPlayer\Compositing\DepthTestedRenderer.cs(1057,41): warning CS8625: Cannot convert null literal to non-nullable reference type. [I:\Visual Studio\XivMediaPlayer\XivMediaPlayer\XivMediaPlayer.csproj]
I:\Visual Studio\XivMediaPlayer\XivMediaPlayer\Compositing\DepthTestedRenderer.cs(1058,41): warning CS8600: Converting null literal or possible null value to non-nullable type. [I:\Visual Studio\XivMediaPlayer\XivMediaPlayer\XivMediaPlayer.csproj]
I:\Visual Studio\XivMediaPlayer\XivMediaPlayer\Compositing\DepthTestedRenderer.cs(1058,41): warning CS8625: Cannot convert null literal to non-nullable reference type. [I:\Visual Studio\XivMediaPlayer\XivMediaPlayer\XivMediaPlayer.csproj]
I:\Visual Studio\XivMediaPlayer\XivMediaPlayer\Compositing\DepthTestedRenderer.cs(1059,41): warning CS8600: Converting null literal or possible null value to non-nullable type. [I:\Visual Studio\XivMediaPlayer\XivMediaPlayer\XivMediaPlayer.csproj]
I:\Visual Studio\XivMediaPlayer\XivMediaPlayer\Compositing\DepthTestedRenderer.cs(1059,41): warning CS8625: Cannot convert null literal to non-nullable reference type. [I:\Visual Studio\XivMediaPlayer\XivMediaPlayer\XivMediaPlayer.csproj]
I:\Visual Studio\XivMediaPlayer\XivMediaPlayer\Compositing\DepthTestedRenderer.cs(1060,41): warning CS8600: Converting null literal or possible null value to non-nullable type. [I:\Visual Studio\XivMediaPlayer\XivMediaPlayer\XivMediaPlayer.csproj]
I:\Visual Studio\XivMediaPlayer\XivMediaPlayer\Compositing\DepthTestedRenderer.cs(1060,41): warning CS8625: Cannot convert null literal to non-nullable reference type. [I:\Visual Studio\XivMediaPlayer\XivMediaPlayer\XivMediaPlayer.csproj]
I:\Visual Studio\XivMediaPlayer\XivMediaPlayer\Compositing\DepthTestedRenderer.cs(1061,41): warning CS8600: Converting null literal or possible null value to non-nullable type. [I:\Visual Studio\XivMediaPlayer\XivMediaPlayer\XivMediaPlayer.csproj]
I:\Visual Studio\XivMediaPlayer\XivMediaPlayer\Compositing\DepthTestedRenderer.cs(1061,41): warning CS8625: Cannot convert null literal to non-nullable reference type. [I:\Visual Studio\XivMediaPlayer\XivMediaPlayer\XivMediaPlayer.csproj]
I:\Visual Studio\XivMediaPlayer\XivMediaPlayer\Compositing\DepthTestedRenderer.cs(1062,41): warning CS8600: Converting null literal or possible null value to non-nullable type. [I:\Visual Studio\XivMediaPlayer\XivMediaPlayer\XivMediaPlayer.csproj]
I:\Visual Studio\XivMediaPlayer\XivMediaPlayer\Compositing\DepthTestedRenderer.cs(1062,41): warning CS8625: Cannot convert null literal to non-nullable reference type. [I:\Visual Studio\XivMediaPlayer\XivMediaPlayer\XivMediaPlayer.csproj]
I:\Visual Studio\XivMediaPlayer\XivMediaPlayer\Compositing\DepthTestedRenderer.cs(1085,17): warning CS8625: Cannot convert null literal to non-nullable reference type. [I:\Visual Studio\XivMediaPlayer\XivMediaPlayer\XivMediaPlayer.csproj]
I:\Visual Studio\XivMediaPlayer\XivMediaPlayer\Compositing\DepthTestedRenderer.cs(1086,18): warning CS8625: Cannot convert null literal to non-nullable reference type. [I:\Visual Studio\XivMediaPlayer\XivMediaPlayer\XivMediaPlayer.csproj]
I:\Visual Studio\XivMediaPlayer\XivMediaPlayer\Compositing\DepthTestedRenderer.cs(15,26): warning CS8618: Non-nullable field '_device' must contain a non-null value when exiting constructor. Consider adding the 'required' modifier or declaring the field as nullable. [I:\Visual Studio\XivMediaPlayer\XivMediaPlayer\XivMediaPlayer.csproj]
I:\Visual Studio\XivMediaPlayer\XivMediaPlayer\Compositing\DepthTestedRenderer.cs(16,33): warning CS8618: Non-nullable field '_context' must contain a non-null value when exiting constructor. Consider adding the 'required' modifier or declaring the field as nullable. [I:\Visual Studio\XivMediaPlayer\XivMediaPlayer\XivMediaPlayer.csproj]
I:\Visual Studio\XivMediaPlayer\XivMediaPlayer\Compositing\DepthTestedRenderer.cs(19,32): warning CS8618: Non-nullable field '_vertexShader' must contain a non-null value when exiting constructor. Consider adding the 'required' modifier or declaring the field as nullable. [I:\Visual Studio\XivMediaPlayer\XivMediaPlayer\XivMediaPlayer.csproj]
I:\Visual Studio\XivMediaPlayer\XivMediaPlayer\Compositing\DepthTestedRenderer.cs(20,31): warning CS8618: Non-nullable field '_pixelShader' must contain a non-null value when exiting constructor. Consider adding the 'required' modifier or declaring the field as nullable. [I:\Visual Studio\XivMediaPlayer\XivMediaPlayer\XivMediaPlayer.csproj]
I:\Visual Studio\XivMediaPlayer\XivMediaPlayer\Compositing\DepthTestedRenderer.cs(21,30): warning CS8618: Non-nullable field '_blendState' must contain a non-null value when exiting constructor. Consider adding the 'required' modifier or declaring the field as nullable. [I:\Visual Studio\XivMediaPlayer\XivMediaPlayer\XivMediaPlayer.csproj]
I:\Visual Studio\XivMediaPlayer\XivMediaPlayer\Compositing\DepthTestedRenderer.cs(22,32): warning CS8618: Non-nullable field '_videoSampler' must contain a non-null value when exiting constructor. Consider adding the 'required' modifier or declaring the field as nullable. [I:\Visual Studio\XivMediaPlayer\XivMediaPlayer\XivMediaPlayer.csproj]
I:\Visual Studio\XivMediaPlayer\XivMediaPlayer\Compositing\DepthTestedRenderer.cs(23,32): warning CS8618: Non-nullable field '_depthSampler' must contain a non-null value when exiting constructor. Consider adding the 'required' modifier or declaring the field as nullable. [I:\Visual Studio\XivMediaPlayer\XivMediaPlayer\XivMediaPlayer.csproj]
I:\Visual Studio\XivMediaPlayer\XivMediaPlayer\Compositing\DepthTestedRenderer.cs(26,26): warning CS8618: Non-nullable field '_constantBuffer' must contain a non-null value when exiting constructor. Consider adding the 'required' modifier or declaring the field as nullable. [I:\Visual Studio\XivMediaPlayer\XivMediaPlayer\XivMediaPlayer.csproj]
I:\Visual Studio\XivMediaPlayer\XivMediaPlayer\Compositing\DepthTestedRenderer.cs(27,26): warning CS8618: Non-nullable field '_uiRectBuffer' must contain a non-null value when exiting constructor. Consider adding the 'required' modifier or declaring the field as nullable. [I:\Visual Studio\XivMediaPlayer\XivMediaPlayer\XivMediaPlayer.csproj]
I:\Visual Studio\XivMediaPlayer\XivMediaPlayer\Compositing\DepthTestedRenderer.cs(30,29): warning CS8618: Non-nullable field '_renderTarget' must contain a non-null value when exiting constructor. Consider adding the 'required' modifier or declaring the field as nullable. [I:\Visual Studio\XivMediaPlayer\XivMediaPlayer\XivMediaPlayer.csproj]
I:\Visual Studio\XivMediaPlayer\XivMediaPlayer\Compositing\DepthTestedRenderer.cs(31,36): warning CS8618: Non-nullable field '_renderTargetView' must contain a non-null value when exiting constructor. Consider adding the 'required' modifier or declaring the field as nullable. [I:\Visual Studio\XivMediaPlayer\XivMediaPlayer\XivMediaPlayer.csproj]
I:\Visual Studio\XivMediaPlayer\XivMediaPlayer\Compositing\DepthTestedRenderer.cs(32,38): warning CS8618: Non-nullable field '_renderTargetSRV' must contain a non-null value when exiting constructor. Consider adding the 'required' modifier or declaring the field as nullable. [I:\Visual Studio\XivMediaPlayer\XivMediaPlayer\XivMediaPlayer.csproj]
I:\Visual Studio\XivMediaPlayer\XivMediaPlayer\Compositing\DepthTestedRenderer.cs(37,20): warning CS8618: Non-nullable field '_initError' must contain a non-null value when exiting constructor. Consider adding the 'required' modifier or declaring the field as nullable. [I:\Visual Studio\XivMediaPlayer\XivMediaPlayer\XivMediaPlayer.csproj]
I:\Visual Studio\XivMediaPlayer\XivMediaPlayer\Windows\VideoWindow.cs(352,13): warning CS8602: Dereference of a possibly null reference. [I:\Visual Studio\XivMediaPlayer\XivMediaPlayer\XivMediaPlayer.csproj]
I:\Visual Studio\XivMediaPlayer\XivMediaPlayer\Compositing\WorldVideoRenderer.cs(182,64): warning CS8603: Possible null reference return. [I:\Visual Studio\XivMediaPlayer\XivMediaPlayer\XivMediaPlayer.csproj]
I:\Visual Studio\XivMediaPlayer\XivMediaPlayer\Compositing\WorldVideoRenderer.cs(185,19): warning CS8625: Cannot convert null literal to non-nullable reference type. [I:\Visual Studio\XivMediaPlayer\XivMediaPlayer\XivMediaPlayer.csproj]
I:\Visual Studio\XivMediaPlayer\XivMediaPlayer\Compositing\WorldVideoRenderer.cs(231,16): warning CS8603: Possible null reference return. [I:\Visual Studio\XivMediaPlayer\XivMediaPlayer\XivMediaPlayer.csproj]
I:\Visual Studio\XivMediaPlayer\XivMediaPlayer\Compositing\WorldVideoRenderer.cs(224,32): warning CS0168: The variable 'ex' is declared but never used [I:\Visual Studio\XivMediaPlayer\XivMediaPlayer\XivMediaPlayer.csproj]
I:\Visual Studio\XivMediaPlayer\XivMediaPlayer\Windows\VideoWindow.cs(378,40): warning CS8629: Nullable value type may be null. [I:\Visual Studio\XivMediaPlayer\XivMediaPlayer\XivMediaPlayer.csproj]
I:\Visual Studio\XivMediaPlayer\XivMediaPlayer\Compositing\WorldVideoRenderer.cs(235,64): warning CS8603: Possible null reference return. [I:\Visual Studio\XivMediaPlayer\XivMediaPlayer\XivMediaPlayer.csproj]
I:\Visual Studio\XivMediaPlayer\XivMediaPlayer\Compositing\WorldVideoRenderer.cs(245,23): warning CS8625: Cannot convert null literal to non-nullable reference type. [I:\Visual Studio\XivMediaPlayer\XivMediaPlayer\XivMediaPlayer.csproj]
I:\Visual Studio\XivMediaPlayer\XivMediaPlayer\Compositing\WorldVideoRenderer.cs(247,27): warning CS8625: Cannot convert null literal to non-nullable reference type. [I:\Visual Studio\XivMediaPlayer\XivMediaPlayer\XivMediaPlayer.csproj]
I:\Visual Studio\XivMediaPlayer\XivMediaPlayer\Compositing\WorldVideoRenderer.cs(284,16): warning CS8603: Possible null reference return. [I:\Visual Studio\XivMediaPlayer\XivMediaPlayer\XivMediaPlayer.csproj]
I:\Visual Studio\XivMediaPlayer\XivMediaPlayer\Compositing\WorldVideoRenderer.cs(277,28): warning CS0168: The variable 'ex' is declared but never used [I:\Visual Studio\XivMediaPlayer\XivMediaPlayer\XivMediaPlayer.csproj]
I:\Visual Studio\XivMediaPlayer\XivMediaPlayer\Windows\VideoWindow.cs(415,25): warning CS8625: Cannot convert null literal to non-nullable reference type. [I:\Visual Studio\XivMediaPlayer\XivMediaPlayer\XivMediaPlayer.csproj]
I:\Visual Studio\XivMediaPlayer\XivMediaPlayer\Windows\VideoWindow.cs(417,23): warning CS8625: Cannot convert null literal to non-nullable reference type. [I:\Visual Studio\XivMediaPlayer\XivMediaPlayer\XivMediaPlayer.csproj]
I:\Visual Studio\XivMediaPlayer\XivMediaPlayer\Windows\DepthPreviewWindow.cs(67,12): warning CS8618: Non-nullable field '_device' must contain a non-null value when exiting constructor. Consider adding the 'required' modifier or declaring the field as nullable. [I:\Visual Studio\XivMediaPlayer\XivMediaPlayer\XivMediaPlayer.csproj]
I:\Visual Studio\XivMediaPlayer\XivMediaPlayer\Windows\DepthPreviewWindow.cs(67,12): warning CS8618: Non-nullable field '_context' must contain a non-null value when exiting constructor. Consider adding the 'required' modifier or declaring the field as nullable. [I:\Visual Studio\XivMediaPlayer\XivMediaPlayer\XivMediaPlayer.csproj]
I:\Visual Studio\XivMediaPlayer\XivMediaPlayer\Windows\DepthPreviewWindow.cs(67,12): warning CS8618: Non-nullable field '_sceneRenderer' must contain a non-null value when exiting constructor. Consider adding the 'required' modifier or declaring the field as nullable. [I:\Visual Studio\XivMediaPlayer\XivMediaPlayer\XivMediaPlayer.csproj]
I:\Visual Studio\XivMediaPlayer\XivMediaPlayer\Windows\DepthPreviewWindow.cs(67,12): warning CS8618: Non-nullable field '_previewTexture' must contain a non-null value when exiting constructor. Consider adding the 'required' modifier or declaring the field as nullable. [I:\Visual Studio\XivMediaPlayer\XivMediaPlayer\XivMediaPlayer.csproj]
I:\Visual Studio\XivMediaPlayer\XivMediaPlayer\Windows\DepthPreviewWindow.cs(67,12): warning CS8618: Non-nullable field '_uiPreviewTexture' must contain a non-null value when exiting constructor. Consider adding the 'required' modifier or declaring the field as nullable. [I:\Visual Studio\XivMediaPlayer\XivMediaPlayer\XivMediaPlayer.csproj]
I:\Visual Studio\XivMediaPlayer\XivMediaPlayer\Windows\DepthPreviewWindow.cs(67,12): warning CS8618: Non-nullable field '_dynamicCopyTex' must contain a non-null value when exiting constructor. Consider adding the 'required' modifier or declaring the field as nullable. [I:\Visual Studio\XivMediaPlayer\XivMediaPlayer\XivMediaPlayer.csproj]
I:\Visual Studio\XivMediaPlayer\XivMediaPlayer\Windows\DepthPreviewWindow.cs(67,12): warning CS8618: Non-nullable field '_dynamicSrv' must contain a non-null value when exiting constructor. Consider adding the 'required' modifier or declaring the field as nullable. [I:\Visual Studio\XivMediaPlayer\XivMediaPlayer\XivMediaPlayer.csproj]
I:\Visual Studio\XivMediaPlayer\XivMediaPlayer\Windows\DepthPreviewWindow.cs(67,12): warning CS8618: Non-nullable field '_dumper' must contain a non-null value when exiting constructor. Consider adding the 'required' modifier or declaring the field as nullable. [I:\Visual Studio\XivMediaPlayer\XivMediaPlayer\XivMediaPlayer.csproj]
I:\Visual Studio\XivMediaPlayer\XivMediaPlayer\Windows\DepthPreviewWindow.cs(67,12): warning CS8618: Non-nullable property 'Capture' must contain a non-null value when exiting constructor. Consider adding the 'required' modifier or declaring the property as nullable. [I:\Visual Studio\XivMediaPlayer\XivMediaPlayer\XivMediaPlayer.csproj]
I:\Visual Studio\XivMediaPlayer\XivMediaPlayer\Windows\DepthPreviewWindow.cs(67,12): warning CS8618: Non-nullable property 'UICapture' must contain a non-null value when exiting constructor. Consider adding the 'required' modifier or declaring the property as nullable. [I:\Visual Studio\XivMediaPlayer\XivMediaPlayer\XivMediaPlayer.csproj]
I:\Visual Studio\XivMediaPlayer\XivMediaPlayer\Windows\DepthPreviewWindow.cs(67,12): warning CS8618: Non-nullable property 'Config' must contain a non-null value when exiting constructor. Consider adding the 'required' modifier or declaring the property as nullable. [I:\Visual Studio\XivMediaPlayer\XivMediaPlayer\XivMediaPlayer.csproj]
I:\Visual Studio\XivMediaPlayer\XivMediaPlayer\Windows\Direct3D11VideoTexture.cs(21,16): warning CS8618: Non-nullable field '_device' must contain a non-null value when exiting constructor. Consider adding the 'required' modifier or declaring the field as nullable. [I:\Visual Studio\XivMediaPlayer\XivMediaPlayer\XivMediaPlayer.csproj]
I:\Visual Studio\XivMediaPlayer\XivMediaPlayer\Windows\Direct3D11VideoTexture.cs(21,16): warning CS8618: Non-nullable field '_context' must contain a non-null value when exiting constructor. Consider adding the 'required' modifier or declaring the field as nullable. [I:\Visual Studio\XivMediaPlayer\XivMediaPlayer\XivMediaPlayer.csproj]
I:\Visual Studio\XivMediaPlayer\XivMediaPlayer\Windows\Direct3D11VideoTexture.cs(21,16): warning CS8618: Non-nullable field '_texture' must contain a non-null value when exiting constructor. Consider adding the 'required' modifier or declaring the field as nullable. [I:\Visual Studio\XivMediaPlayer\XivMediaPlayer\XivMediaPlayer.csproj]
I:\Visual Studio\XivMediaPlayer\XivMediaPlayer\Windows\Direct3D11VideoTexture.cs(21,16): warning CS8618: Non-nullable field '_srv' must contain a non-null value when exiting constructor. Consider adding the 'required' modifier or declaring the field as nullable. [I:\Visual Studio\XivMediaPlayer\XivMediaPlayer\XivMediaPlayer.csproj]
I:\Visual Studio\XivMediaPlayer\XivMediaPlayer\Compositing\UILayerCapture.cs(431,17): warning CS8625: Cannot convert null literal to non-nullable reference type. [I:\Visual Studio\XivMediaPlayer\XivMediaPlayer\XivMediaPlayer.csproj]
I:\Visual Studio\XivMediaPlayer\XivMediaPlayer\Compositing\UILayerCapture.cs(432,18): warning CS8625: Cannot convert null literal to non-nullable reference type. [I:\Visual Studio\XivMediaPlayer\XivMediaPlayer\XivMediaPlayer.csproj]
I:\Visual Studio\XivMediaPlayer\XivMediaPlayer\Compositing\HistoryMenuTextureManager.cs(49,28): warning CS8625: Cannot convert null literal to non-nullable reference type. [I:\Visual Studio\XivMediaPlayer\XivMediaPlayer\XivMediaPlayer.csproj]
I:\Visual Studio\XivMediaPlayer\XivMediaPlayer\Compositing\HistoryMenuTextureManager.cs(177,28): warning CS8625: Cannot convert null literal to non-nullable reference type. [I:\Visual Studio\XivMediaPlayer\XivMediaPlayer\XivMediaPlayer.csproj]
I:\Visual Studio\XivMediaPlayer\XivMediaPlayer\Windows\Direct3D11VideoTexture.cs(85,23): warning CS8625: Cannot convert null literal to non-nullable reference type. [I:\Visual Studio\XivMediaPlayer\XivMediaPlayer\XivMediaPlayer.csproj]
I:\Visual Studio\XivMediaPlayer\XivMediaPlayer\Windows\Direct3D11VideoTexture.cs(86,24): warning CS8625: Cannot convert null literal to non-nullable reference type. [I:\Visual Studio\XivMediaPlayer\XivMediaPlayer\XivMediaPlayer.csproj]
I:\Visual Studio\XivMediaPlayer\XivMediaPlayer\Windows\Direct3D11VideoTexture.cs(87,20): warning CS8625: Cannot convert null literal to non-nullable reference type. [I:\Visual Studio\XivMediaPlayer\XivMediaPlayer\XivMediaPlayer.csproj]
I:\Visual Studio\XivMediaPlayer\XivMediaPlayer\Windows\Direct3D11VideoTexture.cs(88,24): warning CS8625: Cannot convert null literal to non-nullable reference type. [I:\Visual Studio\XivMediaPlayer\XivMediaPlayer\XivMediaPlayer.csproj]
I:\Visual Studio\XivMediaPlayer\XivMediaPlayer\Plugin.cs(222,23): warning CS8600: Converting null literal or possible null value to non-nullable type. [I:\Visual Studio\XivMediaPlayer\XivMediaPlayer\XivMediaPlayer.csproj]
I:\Visual Studio\XivMediaPlayer\XivMediaPlayer\Plugin.cs(312,43): warning CS8622: Nullability of reference types in type of parameter 'sender' of 'void Plugin.OnVideoWindowResized(object sender, EventArgs e)' doesn't match the target delegate 'EventHandler' (possibly because of nullability attributes). [I:\Visual Studio\XivMediaPlayer\XivMediaPlayer\XivMediaPlayer.csproj]
I:\Visual Studio\XivMediaPlayer\XivMediaPlayer\Plugin.cs(167,16): warning CS8618: Non-nullable field '_mediaManager' must contain a non-null value when exiting constructor. Consider adding the 'required' modifier or declaring the field as nullable. [I:\Visual Studio\XivMediaPlayer\XivMediaPlayer\XivMediaPlayer.csproj]
I:\Visual Studio\XivMediaPlayer\XivMediaPlayer\Plugin.cs(167,16): warning CS8618: Non-nullable field '_playerCamera' must contain a non-null value when exiting constructor. Consider adding the 'required' modifier or declaring the field as nullable. [I:\Visual Studio\XivMediaPlayer\XivMediaPlayer\XivMediaPlayer.csproj]
I:\Visual Studio\XivMediaPlayer\XivMediaPlayer\Plugin.cs(167,16): warning CS8618: Non-nullable field '_streamURLs' must contain a non-null value when exiting constructor. Consider adding the 'required' modifier or declaring the field as nullable. [I:\Visual Studio\XivMediaPlayer\XivMediaPlayer\XivMediaPlayer.csproj]
I:\Visual Studio\XivMediaPlayer\XivMediaPlayer\Plugin.cs(167,16): warning CS8618: Non-nullable field '_lastStreamURL' must contain a non-null value when exiting constructor. Consider adding the 'required' modifier or declaring the field as nullable. [I:\Visual Studio\XivMediaPlayer\XivMediaPlayer\XivMediaPlayer.csproj]
I:\Visual Studio\XivMediaPlayer\XivMediaPlayer\Plugin.cs(167,16): warning CS8618: Non-nullable field '_potentialStream' must contain a non-null value when exiting constructor. Consider adding the 'required' modifier or declaring the field as nullable. [I:\Visual Studio\XivMediaPlayer\XivMediaPlayer\XivMediaPlayer.csproj]
I:\Visual Studio\XivMediaPlayer\XivMediaPlayer\Plugin.cs(167,16): warning CS8618: Non-nullable field '_cefBrowserHandle' must contain a non-null value when exiting constructor. Consider adding the 'required' modifier or declaring the field as nullable. [I:\Visual Studio\XivMediaPlayer\XivMediaPlayer\XivMediaPlayer.csproj]
I:\Visual Studio\XivMediaPlayer\XivMediaPlayer\Compositing\DepthBufferCapture.cs(109,25): warning CS8625: Cannot convert null literal to non-nullable reference type. [I:\Visual Studio\XivMediaPlayer\XivMediaPlayer\XivMediaPlayer.csproj]
I:\Visual Studio\XivMediaPlayer\XivMediaPlayer\Compositing\DepthBufferCapture.cs(110,25): warning CS8625: Cannot convert null literal to non-nullable reference type. [I:\Visual Studio\XivMediaPlayer\XivMediaPlayer\XivMediaPlayer.csproj]
I:\Visual Studio\XivMediaPlayer\XivMediaPlayer\Compositing\DepthBufferCapture.cs(111,27): warning CS8625: Cannot convert null literal to non-nullable reference type. [I:\Visual Studio\XivMediaPlayer\XivMediaPlayer\XivMediaPlayer.csproj]
I:\Visual Studio\XivMediaPlayer\XivMediaPlayer\Compositing\WorldVideoRenderer.cs(299,76): warning CS8601: Possible null reference assignment. [I:\Visual Studio\XivMediaPlayer\XivMediaPlayer\XivMediaPlayer.csproj]
I:\Visual Studio\XivMediaPlayer\XivMediaPlayer\Compositing\WorldVideoRenderer.cs(300,76): warning CS8601: Possible null reference assignment. [I:\Visual Studio\XivMediaPlayer\XivMediaPlayer\XivMediaPlayer.csproj]
I:\Visual Studio\XivMediaPlayer\XivMediaPlayer\Compositing\WorldVideoRenderer.cs(303,54): warning CS8601: Possible null reference assignment. [I:\Visual Studio\XivMediaPlayer\XivMediaPlayer\XivMediaPlayer.csproj]
I:\Visual Studio\XivMediaPlayer\XivMediaPlayer\Compositing\WorldVideoRenderer.cs(303,73): warning CS8601: Possible null reference assignment. [I:\Visual Studio\XivMediaPlayer\XivMediaPlayer\XivMediaPlayer.csproj]
I:\Visual Studio\XivMediaPlayer\XivMediaPlayer\Compositing\WorldVideoRenderer.cs(334,22): warning CS8602: Dereference of a possibly null reference. [I:\Visual Studio\XivMediaPlayer\XivMediaPlayer\XivMediaPlayer.csproj]
I:\Visual Studio\XivMediaPlayer\XivMediaPlayer\Compositing\WorldVideoRenderer.cs(412,11): warning CS8604: Possible null reference argument for parameter 'uiLayerSrv' in 'bool DepthTestedRenderer.Render((Vector2 tl, Vector2 tr, Vector2 br, Vector2 bl) screenCorners, (Vector3 tl, Vector3 tr, Vector3 br, Vector3 bl) worldCorners, Vector3 cameraPos, Vector3 cameraForward, Vector3 cameraRight, Vector3 cameraUp, float fovY, float aspectRatio, nint videoSrvPtr, ID3D11ShaderResourceView depthSrv, Vector4 cornerDepths, float nearPlane, float farPlane, int screenWidth, int screenHeight, ID3D11ShaderResourceView uiLayerSrv, Vector2? hoverUV, float progress, bool isPlaying, float lockState, float minDepth, float maxDepth, float volume, float renderWidth, float renderHeight, List<(int X, int Y, int W, int H, string Name)> uiRects, nint titleSrvPtr = 0, bool isLooping = false, bool isShuffle = false, float time = 0, float showScreensaver = 0, float videoAspectRatio = 0, nint gbuffer2SrvPtr = 0, nint gbuffer3SrvPtr = 0, nint transparentUiSrvPtr = 0, nint vignetteExtrapolatedSrvPtr = 0, bool useDifferenceFallback = false)'. [I:\Visual Studio\XivMediaPlayer\XivMediaPlayer\XivMediaPlayer.csproj]
I:\Visual Studio\XivMediaPlayer\XivMediaPlayer\Compositing\WorldVideoRenderer.cs(416,11): warning CS8604: Possible null reference argument for parameter 'uiRects' in 'bool DepthTestedRenderer.Render((Vector2 tl, Vector2 tr, Vector2 br, Vector2 bl) screenCorners, (Vector3 tl, Vector3 tr, Vector3 br, Vector3 bl) worldCorners, Vector3 cameraPos, Vector3 cameraForward, Vector3 cameraRight, Vector3 cameraUp, float fovY, float aspectRatio, nint videoSrvPtr, ID3D11ShaderResourceView depthSrv, Vector4 cornerDepths, float nearPlane, float farPlane, int screenWidth, int screenHeight, ID3D11ShaderResourceView uiLayerSrv, Vector2? hoverUV, float progress, bool isPlaying, float lockState, float minDepth, float maxDepth, float volume, float renderWidth, float renderHeight, List<(int X, int Y, int W, int H, string Name)> uiRects, nint titleSrvPtr = 0, bool isLooping = false, bool isShuffle = false, float time = 0, float showScreensaver = 0, float videoAspectRatio = 0, nint gbuffer2SrvPtr = 0, nint gbuffer3SrvPtr = 0, nint transparentUiSrvPtr = 0, nint vignetteExtrapolatedSrvPtr = 0, bool useDifferenceFallback = false)'. [I:\Visual Studio\XivMediaPlayer\XivMediaPlayer\XivMediaPlayer.csproj]
I:\Visual Studio\XivMediaPlayer\XivMediaPlayer\Compositing\WorldVideoRenderer.cs(439,26): warning CS0168: The variable 'ex' is declared but never used [I:\Visual Studio\XivMediaPlayer\XivMediaPlayer\XivMediaPlayer.csproj]
I:\Visual Studio\XivMediaPlayer\XivMediaPlayer\Networking\ServerClient.cs(72,28): warning CS8603: Possible null reference return. [I:\Visual Studio\XivMediaPlayer\XivMediaPlayer\XivMediaPlayer.csproj]
I:\Visual Studio\XivMediaPlayer\XivMediaPlayer\Networking\ServerClient.cs(80,20): warning CS8603: Possible null reference return. [I:\Visual Studio\XivMediaPlayer\XivMediaPlayer\XivMediaPlayer.csproj]
I:\Visual Studio\XivMediaPlayer\XivMediaPlayer\Networking\ServerClient.cs(108,28): warning CS8603: Possible null reference return. [I:\Visual Studio\XivMediaPlayer\XivMediaPlayer\XivMediaPlayer.csproj]
I:\Visual Studio\XivMediaPlayer\XivMediaPlayer\Networking\ServerClient.cs(115,20): warning CS8603: Possible null reference return. [I:\Visual Studio\XivMediaPlayer\XivMediaPlayer\XivMediaPlayer.csproj]
I:\Visual Studio\XivMediaPlayer\XivMediaPlayer\Plugin.cs(656,50): warning CS8622: Nullability of reference types in type of parameter 'sender' of 'void Plugin._mediaManager_OnNewMediaTriggered(object sender, EventArgs e)' doesn't match the target delegate 'EventHandler' (possibly because of nullability attributes). [I:\Visual Studio\XivMediaPlayer\XivMediaPlayer\XivMediaPlayer.csproj]
I:\Visual Studio\XivMediaPlayer\XivMediaPlayer\Networking\ServerClient.cs(141,28): warning CS8603: Possible null reference return. [I:\Visual Studio\XivMediaPlayer\XivMediaPlayer\XivMediaPlayer.csproj]
I:\Visual Studio\XivMediaPlayer\XivMediaPlayer\Networking\ServerClient.cs(151,20): warning CS8603: Possible null reference return. [I:\Visual Studio\XivMediaPlayer\XivMediaPlayer\XivMediaPlayer.csproj]
I:\Visual Studio\XivMediaPlayer\XivMediaPlayer\Plugin.cs(673,24): warning CS8603: Possible null reference return. [I:\Visual Studio\XivMediaPlayer\XivMediaPlayer\XivMediaPlayer.csproj]
I:\Visual Studio\XivMediaPlayer\XivMediaPlayer\Plugin.cs(679,20): warning CS8603: Possible null reference return. [I:\Visual Studio\XivMediaPlayer\XivMediaPlayer\XivMediaPlayer.csproj]
I:\Visual Studio\XivMediaPlayer\XivMediaPlayer\Windows\DepthPreviewWindow.cs(205,64): warning CS8603: Possible null reference return. [I:\Visual Studio\XivMediaPlayer\XivMediaPlayer\XivMediaPlayer.csproj]
I:\Visual Studio\XivMediaPlayer\XivMediaPlayer\Windows\DepthPreviewWindow.cs(223,23): warning CS8625: Cannot convert null literal to non-nullable reference type. [I:\Visual Studio\XivMediaPlayer\XivMediaPlayer\XivMediaPlayer.csproj]
I:\Visual Studio\XivMediaPlayer\XivMediaPlayer\Windows\DepthPreviewWindow.cs(225,27): warning CS8625: Cannot convert null literal to non-nullable reference type. [I:\Visual Studio\XivMediaPlayer\XivMediaPlayer\XivMediaPlayer.csproj]
I:\Visual Studio\XivMediaPlayer\XivMediaPlayer\Windows\DepthPreviewWindow.cs(288,16): warning CS8603: Possible null reference return. [I:\Visual Studio\XivMediaPlayer\XivMediaPlayer\XivMediaPlayer.csproj]
I:\Visual Studio\XivMediaPlayer\XivMediaPlayer\Compositing\DepthBufferCapture.cs(363,27): warning CS8629: Nullable value type may be null. [I:\Visual Studio\XivMediaPlayer\XivMediaPlayer\XivMediaPlayer.csproj]
I:\Visual Studio\XivMediaPlayer\XivMediaPlayer\Compositing\DepthBufferCapture.cs(364,23): warning CS8629: Nullable value type may be null. [I:\Visual Studio\XivMediaPlayer\XivMediaPlayer\XivMediaPlayer.csproj]
I:\Visual Studio\XivMediaPlayer\XivMediaPlayer\Compositing\DepthBufferCapture.cs(478,17): warning CS8625: Cannot convert null literal to non-nullable reference type. [I:\Visual Studio\XivMediaPlayer\XivMediaPlayer\XivMediaPlayer.csproj]
I:\Visual Studio\XivMediaPlayer\XivMediaPlayer\Compositing\DepthBufferCapture.cs(479,18): warning CS8625: Cannot convert null literal to non-nullable reference type. [I:\Visual Studio\XivMediaPlayer\XivMediaPlayer\XivMediaPlayer.csproj]
I:\Visual Studio\XivMediaPlayer\XivMediaPlayer\Compositing\DepthBufferCapture.cs(16,33): warning CS8618: Non-nullable field '_context' must contain a non-null value when exiting constructor. Consider adding the 'required' modifier or declaring the field as nullable. [I:\Visual Studio\XivMediaPlayer\XivMediaPlayer\XivMediaPlayer.csproj]
I:\Visual Studio\XivMediaPlayer\XivMediaPlayer\Compositing\DepthBufferCapture.cs(17,26): warning CS8618: Non-nullable field '_device' must contain a non-null value when exiting constructor. Consider adding the 'required' modifier or declaring the field as nullable. [I:\Visual Studio\XivMediaPlayer\XivMediaPlayer\XivMediaPlayer.csproj]
I:\Visual Studio\XivMediaPlayer\XivMediaPlayer\Compositing\DepthBufferCapture.cs(18,29): warning CS8618: Non-nullable field '_depthCopy' must contain a non-null value when exiting constructor. Consider adding the 'required' modifier or declaring the field as nullable. [I:\Visual Studio\XivMediaPlayer\XivMediaPlayer\XivMediaPlayer.csproj]
I:\Visual Studio\XivMediaPlayer\XivMediaPlayer\Compositing\DepthBufferCapture.cs(19,29): warning CS8618: Non-nullable field '_stagingTexture' must contain a non-null value when exiting constructor. Consider adding the 'required' modifier or declaring the field as nullable. [I:\Visual Studio\XivMediaPlayer\XivMediaPlayer\XivMediaPlayer.csproj]
I:\Visual Studio\XivMediaPlayer\XivMediaPlayer\Compositing\DepthBufferCapture.cs(20,36): warning CS8618: Non-nullable field '_depthCopyDSV' must contain a non-null value when exiting constructor. Consider adding the 'required' modifier or declaring the field as nullable. [I:\Visual Studio\XivMediaPlayer\XivMediaPlayer\XivMediaPlayer.csproj]
I:\Visual Studio\XivMediaPlayer\XivMediaPlayer\Compositing\DepthBufferCapture.cs(21,38): warning CS8618: Non-nullable field '_depthCopySRV' must contain a non-null value when exiting constructor. Consider adding the 'required' modifier or declaring the field as nullable. [I:\Visual Studio\XivMediaPlayer\XivMediaPlayer\XivMediaPlayer.csproj]
I:\Visual Studio\XivMediaPlayer\XivMediaPlayer\Compositing\DepthBufferCapture.cs(32,20): warning CS8618: Non-nullable field '_lastRgbaData' must contain a non-null value when exiting constructor. Consider adding the 'required' modifier or declaring the field as nullable. [I:\Visual Studio\XivMediaPlayer\XivMediaPlayer\XivMediaPlayer.csproj]
I:\Visual Studio\XivMediaPlayer\XivMediaPlayer\Compositing\DepthBufferCapture.cs(36,21): warning CS8618: Non-nullable field '_depthData' must contain a non-null value when exiting constructor. Consider adding the 'required' modifier or declaring the field as nullable. [I:\Visual Studio\XivMediaPlayer\XivMediaPlayer\XivMediaPlayer.csproj]
I:\Visual Studio\XivMediaPlayer\XivMediaPlayer\Compositing\DepthBufferCapture.cs(46,20): warning CS8618: Non-nullable property 'LastDepthData' must contain a non-null value when exiting constructor. Consider adding the 'required' modifier or declaring the property as nullable. [I:\Visual Studio\XivMediaPlayer\XivMediaPlayer\XivMediaPlayer.csproj]
I:\Visual Studio\XivMediaPlayer\XivMediaPlayer\Windows\DepthPreviewWindow.cs(308,41): warning CS8602: Dereference of a possibly null reference. [I:\Visual Studio\XivMediaPlayer\XivMediaPlayer\XivMediaPlayer.csproj]
I:\Visual Studio\XivMediaPlayer\XivMediaPlayer\Windows\DepthPreviewWindow.cs(320,33): warning CS8602: Dereference of a possibly null reference. [I:\Visual Studio\XivMediaPlayer\XivMediaPlayer\XivMediaPlayer.csproj]
I:\Visual Studio\XivMediaPlayer\XivMediaPlayer\Windows\DepthPreviewWindow.cs(394,27): warning CS8600: Converting null literal or possible null value to non-nullable type. [I:\Visual Studio\XivMediaPlayer\XivMediaPlayer\XivMediaPlayer.csproj]
I:\Visual Studio\XivMediaPlayer\XivMediaPlayer\Windows\DepthPreviewWindow.cs(568,38): warning CS8600: Converting null literal or possible null value to non-nullable type. [I:\Visual Studio\XivMediaPlayer\XivMediaPlayer\XivMediaPlayer.csproj]
I:\Visual Studio\XivMediaPlayer\XivMediaPlayer\Plugin.cs(1120,92): warning CS8625: Cannot convert null literal to non-nullable reference type. [I:\Visual Studio\XivMediaPlayer\XivMediaPlayer\XivMediaPlayer.csproj]
I:\Visual Studio\XivMediaPlayer\XivMediaPlayer\Plugin.cs(1279,36): warning CS8600: Converting null literal or possible null value to non-nullable type. [I:\Visual Studio\XivMediaPlayer\XivMediaPlayer\XivMediaPlayer.csproj]
I:\Visual Studio\XivMediaPlayer\XivMediaPlayer\Plugin.cs(1367,120): warning CS8629: Nullable value type may be null. [I:\Visual Studio\XivMediaPlayer\XivMediaPlayer\XivMediaPlayer.csproj]
I:\Visual Studio\XivMediaPlayer\XivMediaPlayer\Plugin.cs(1415,27): warning CS8625: Cannot convert null literal to non-nullable reference type. [I:\Visual Studio\XivMediaPlayer\XivMediaPlayer\XivMediaPlayer.csproj]
I:\Visual Studio\XivMediaPlayer\XivMediaPlayer\Plugin.cs(1427,33): warning CS8625: Cannot convert null literal to non-nullable reference type. [I:\Visual Studio\XivMediaPlayer\XivMediaPlayer\XivMediaPlayer.csproj]
I:\Visual Studio\XivMediaPlayer\XivMediaPlayer\Plugin.cs(1669,36): warning CS8601: Possible null reference assignment. [I:\Visual Studio\XivMediaPlayer\XivMediaPlayer\XivMediaPlayer.csproj]
I:\Visual Studio\XivMediaPlayer\XivMediaPlayer\Plugin.cs(2027,46): warning CS8603: Possible null reference return. [I:\Visual Studio\XivMediaPlayer\XivMediaPlayer\XivMediaPlayer.csproj]
I:\Visual Studio\XivMediaPlayer\XivMediaPlayer\Plugin.cs(2063,56): warning CS8602: Dereference of a possibly null reference. [I:\Visual Studio\XivMediaPlayer\XivMediaPlayer\XivMediaPlayer.csproj]
I:\Visual Studio\XivMediaPlayer\XivMediaPlayer\Plugin.cs(2078,32): warning CS8603: Possible null reference return. [I:\Visual Studio\XivMediaPlayer\XivMediaPlayer\XivMediaPlayer.csproj]
I:\Visual Studio\XivMediaPlayer\XivMediaPlayer\Plugin.cs(2330,63): error CS1061: 'CameraBase' does not contain a definition for 'ProjectionMatrix' and no accessible extension method 'ProjectionMatrix' accepting a first argument of type 'CameraBase' could be found (are you missing a using directive or an assembly reference?) [I:\Visual Studio\XivMediaPlayer\XivMediaPlayer\XivMediaPlayer.csproj]
I:\Visual Studio\XivMediaPlayer\XivMediaPlayer\Plugin.cs(2443,96): warning CS8604: Possible null reference argument for parameter 'depthCapture' in 'bool UILayerCapture.IsPixelOccluding(int x, int y, nint unk68Ptr, DepthBufferCapture depthCapture, bool useDifferenceFallback)'. [I:\Visual Studio\XivMediaPlayer\XivMediaPlayer\XivMediaPlayer.csproj]
I:\Visual Studio\XivMediaPlayer\XivMediaPlayer\Plugin.cs(2788,78): warning CS8604: Possible null reference argument for parameter 'depthCapture' in 'void WorldVideoRenderer.Render(nint textureSrv, int textureWidth, int textureHeight, DepthBufferCapture depthCapture = null, Vector3? cameraPos = null, Vector3? cameraForward = null, Vector3? cameraRight = null, Vector3? cameraUp = null, float fovY = 0.7853982, float aspectRatio = 1, UILayerCapture uiCapture = null, float nearPlane = 0.1, float farPlane = 10000, Vector2? hoverUV = null, float progress = 0, bool isPlaying = false, float lockState = 1, float volume = 1, nint titleSrvPtr = 0, bool isLooping = false, bool isShuffle = false, float time = 0, float showScreensaver = 0, bool useDifferenceFallback = false, Matrix4x4? viewProjMatrix = null, Vector2? viewportPos = null, Vector2? viewportSize = null)'. [I:\Visual Studio\XivMediaPlayer\XivMediaPlayer\XivMediaPlayer.csproj]
I:\Visual Studio\XivMediaPlayer\XivMediaPlayer\Plugin.cs(2788,161): warning CS8604: Possible null reference argument for parameter 'uiCapture' in 'void WorldVideoRenderer.Render(nint textureSrv, int textureWidth, int textureHeight, DepthBufferCapture depthCapture = null, Vector3? cameraPos = null, Vector3? cameraForward = null, Vector3? cameraRight = null, Vector3? cameraUp = null, float fovY = 0.7853982, float aspectRatio = 1, UILayerCapture uiCapture = null, float nearPlane = 0.1, float farPlane = 10000, Vector2? hoverUV = null, float progress = 0, bool isPlaying = false, float lockState = 1, float volume = 1, nint titleSrvPtr = 0, bool isLooping = false, bool isShuffle = false, float time = 0, float showScreensaver = 0, bool useDifferenceFallback = false, Matrix4x4? viewProjMatrix = null, Vector2? viewportPos = null, Vector2? viewportSize = null)'. [I:\Visual Studio\XivMediaPlayer\XivMediaPlayer\XivMediaPlayer.csproj]
I:\Visual Studio\XivMediaPlayer\XivMediaPlayer\Plugin.cs(3477,29): warning CS8625: Cannot convert null literal to non-nullable reference type. [I:\Visual Studio\XivMediaPlayer\XivMediaPlayer\XivMediaPlayer.csproj]
I:\Visual Studio\XivMediaPlayer\XivMediaPlayer\Plugin.cs(3479,33): warning CS8625: Cannot convert null literal to non-nullable reference type. [I:\Visual Studio\XivMediaPlayer\XivMediaPlayer\XivMediaPlayer.csproj]
I:\Visual Studio\XivMediaPlayer\XivMediaPlayer\Plugin.cs(3480,41): warning CS8625: Cannot convert null literal to non-nullable reference type. [I:\Visual Studio\XivMediaPlayer\XivMediaPlayer\XivMediaPlayer.csproj]
I:\Visual Studio\XivMediaPlayer\XivMediaPlayer\Plugin.cs(3528,67): warning CS8625: Cannot convert null literal to non-nullable reference type. [I:\Visual Studio\XivMediaPlayer\XivMediaPlayer\XivMediaPlayer.csproj]
I:\Visual Studio\XivMediaPlayer\XivMediaPlayer\Plugin.cs(3536,67): warning CS8625: Cannot convert null literal to non-nullable reference type. [I:\Visual Studio\XivMediaPlayer\XivMediaPlayer\XivMediaPlayer.csproj]
I:\Visual Studio\XivMediaPlayer\XivMediaPlayer\Plugin.cs(3550,43): warning CS8622: Nullability of reference types in type of parameter 'sender' of 'void Plugin.OnVideoWindowResized(object sender, EventArgs e)' doesn't match the target delegate 'EventHandler' (possibly because of nullability attributes). [I:\Visual Studio\XivMediaPlayer\XivMediaPlayer\XivMediaPlayer.csproj]
I:\Visual Studio\XivMediaPlayer\XivMediaPlayer\Plugin.cs(3555,54): warning CS8622: Nullability of reference types in type of parameter 'sender' of 'void Plugin._mediaManager_OnNewMediaTriggered(object sender, EventArgs e)' doesn't match the target delegate 'EventHandler' (possibly because of nullability attributes). [I:\Visual Studio\XivMediaPlayer\XivMediaPlayer\XivMediaPlayer.csproj]
I:\Visual Studio\XivMediaPlayer\XivMediaPlayer\Compositing\UILayerCapture.cs(30,19): warning CS0169: The field 'UILayerCapture._lastPreDrawFrame' is never used [I:\Visual Studio\XivMediaPlayer\XivMediaPlayer\XivMediaPlayer.csproj]
I:\Visual Studio\XivMediaPlayer\XivMediaPlayer\Windows\VideoWindow.cs(36,20): warning CS0169: The field 'VideoWindow._lastLoadedFrame' is never used [I:\Visual Studio\XivMediaPlayer\XivMediaPlayer\XivMediaPlayer.csproj]
I:\Visual Studio\XivMediaPlayer\XivMediaPlayer\Windows\DepthPreviewWindow.cs(19,26): warning CS0169: The field 'DepthPreviewWindow._device' is never used [I:\Visual Studio\XivMediaPlayer\XivMediaPlayer\XivMediaPlayer.csproj]
I:\Visual Studio\XivMediaPlayer\XivMediaPlayer\Plugin.cs(120,22): warning CS0169: The field 'Plugin._isDisposing' is never used [I:\Visual Studio\XivMediaPlayer\XivMediaPlayer\XivMediaPlayer.csproj]
I:\Visual Studio\XivMediaPlayer\XivMediaPlayer\Windows\DepthPreviewWindow.cs(20,33): warning CS0169: The field 'DepthPreviewWindow._context' is never used [I:\Visual Studio\XivMediaPlayer\XivMediaPlayer\XivMediaPlayer.csproj]
I:\Visual Studio\XivMediaPlayer\XivMediaPlayer\Windows\VideoWindow.cs(18,25): warning CS0169: The field 'VideoWindow.textureWrap' is never used [I:\Visual Studio\XivMediaPlayer\XivMediaPlayer\XivMediaPlayer.csproj]
I:\Visual Studio\XivMediaPlayer\XivMediaPlayer\Windows\VideoWindow.cs(26,9): warning CS0414: The field 'VideoWindow.countedFrames' is assigned but its value is never used [I:\Visual Studio\XivMediaPlayer\XivMediaPlayer\XivMediaPlayer.csproj]
I:\Visual Studio\XivMediaPlayer\XivMediaPlayer\Compositing\UILayerCapture.cs(29,18): warning CS0414: The field 'UILayerCapture._preUiCapturedThisFrame' is assigned but its value is never used [I:\Visual Studio\XivMediaPlayer\XivMediaPlayer\XivMediaPlayer.csproj]
I:\Visual Studio\XivMediaPlayer\XivMediaPlayer\Plugin.cs(108,22): warning CS0414: The field 'Plugin._killRestartQueued' is assigned but its value is never used [I:\Visual Studio\XivMediaPlayer\XivMediaPlayer\XivMediaPlayer.csproj]
I:\Visual Studio\XivMediaPlayer\XivMediaPlayer\Windows\VideoWindow.cs(25,20): warning CS0414: The field 'VideoWindow.fpsCount' is assigned but its value is never used [I:\Visual Studio\XivMediaPlayer\XivMediaPlayer\XivMediaPlayer.csproj]
I:\Visual Studio\XivMediaPlayer\XivMediaPlayer\Plugin.cs(91,22): warning CS0414: The field 'Plugin._wasDragging3DSeek' is assigned but its value is never used [I:\Visual Studio\XivMediaPlayer\XivMediaPlayer\XivMediaPlayer.csproj]

Build FAILED.

I:\Visual Studio\XivMediaPlayer\XivMediaPlayer.Server\XivMediaPlayer.Server.csproj : warning NU1903: Package 'SQLitePCLRaw.lib.e_sqlite3' 2.1.11 has a known high severity vulnerability, https://github.com/advisories/GHSA-2m69-gcr7-jv3q [I:\Visual Studio\XivMediaPlayer\XivMediaPlayer.sln]
I:\Visual Studio\XivMediaPlayer\MediaPlayerCore\MediaPlayerCore.csproj : warning NU1902: Package 'SixLabors.ImageSharp' 3.1.7 has a known moderate severity vulnerability, https://github.com/advisories/GHSA-rxmq-m78w-7wmc [I:\Visual Studio\XivMediaPlayer\XivMediaPlayer.sln]
I:\Visual Studio\XivMediaPlayer\XivMediaPlayer\XivMediaPlayer.csproj : warning NU1902: Package 'SixLabors.ImageSharp' 3.1.7 has a known moderate severity vulnerability, https://github.com/advisories/GHSA-rxmq-m78w-7wmc [I:\Visual Studio\XivMediaPlayer\XivMediaPlayer.sln]
I:\Visual Studio\XivMediaPlayer\XivMediaPlayer.Server\XivMediaPlayer.Server.csproj : warning NU1903: Package 'SQLitePCLRaw.lib.e_sqlite3' 2.1.11 has a known high severity vulnerability, https://github.com/advisories/GHSA-2m69-gcr7-jv3q
I:\Visual Studio\XivMediaPlayer\MediaPlayerCore\MediaPlayerCore.csproj : warning NU1902: Package 'SixLabors.ImageSharp' 3.1.7 has a known moderate severity vulnerability, https://github.com/advisories/GHSA-rxmq-m78w-7wmc
I:\Visual Studio\XivMediaPlayer\XivMediaPlayer\XivMediaPlayer.csproj : warning NU1902: Package 'SixLabors.ImageSharp' 3.1.7 has a known moderate severity vulnerability, https://github.com/advisories/GHSA-rxmq-m78w-7wmc
I:\Visual Studio\XivMediaPlayer\XivMediaPlayer\Compositing\WorldVideoRenderer.cs(80,97): warning CS8625: Cannot convert null literal to non-nullable reference type. [I:\Visual Studio\XivMediaPlayer\XivMediaPlayer\XivMediaPlayer.csproj]
I:\Visual Studio\XivMediaPlayer\XivMediaPlayer\Windows\SettingsWindow.cs(11,63): warning CS8625: Cannot convert null literal to non-nullable reference type. [I:\Visual Studio\XivMediaPlayer\XivMediaPlayer\XivMediaPlayer.csproj]
I:\Visual Studio\XivMediaPlayer\XivMediaPlayer\Compositing\WorldVideoRenderer.cs(82,87): warning CS8625: Cannot convert null literal to non-nullable reference type. [I:\Visual Studio\XivMediaPlayer\XivMediaPlayer\XivMediaPlayer.csproj]
I:\Visual Studio\XivMediaPlayer\XivMediaPlayer\Compositing\HistoryMenuTextureManager.cs(18,34): warning CS8618: Non-nullable property 'Entry' must contain a non-null value when exiting constructor. Consider adding the 'required' modifier or declaring the property as nullable. [I:\Visual Studio\XivMediaPlayer\XivMediaPlayer\XivMediaPlayer.csproj]
I:\Visual Studio\XivMediaPlayer\XivMediaPlayer\Compositing\UILayerCapture.cs(34,12): warning CS8618: Non-nullable field '_context' must contain a non-null value when exiting constructor. Consider adding the 'required' modifier or declaring the field as nullable. [I:\Visual Studio\XivMediaPlayer\XivMediaPlayer\XivMediaPlayer.csproj]
I:\Visual Studio\XivMediaPlayer\XivMediaPlayer\Compositing\UILayerCapture.cs(34,12): warning CS8618: Non-nullable field '_device' must contain a non-null value when exiting constructor. Consider adding the 'required' modifier or declaring the field as nullable. [I:\Visual Studio\XivMediaPlayer\XivMediaPlayer\XivMediaPlayer.csproj]
I:\Visual Studio\XivMediaPlayer\XivMediaPlayer\Compositing\UILayerCapture.cs(34,12): warning CS8618: Non-nullable field '_backBufferCopy' must contain a non-null value when exiting constructor. Consider adding the 'required' modifier or declaring the field as nullable. [I:\Visual Studio\XivMediaPlayer\XivMediaPlayer\XivMediaPlayer.csproj]
I:\Visual Studio\XivMediaPlayer\XivMediaPlayer\Compositing\UILayerCapture.cs(34,12): warning CS8618: Non-nullable field '_backBufferSRV' must contain a non-null value when exiting constructor. Consider adding the 'required' modifier or declaring the field as nullable. [I:\Visual Studio\XivMediaPlayer\XivMediaPlayer\XivMediaPlayer.csproj]
I:\Visual Studio\XivMediaPlayer\XivMediaPlayer\Compositing\UILayerCapture.cs(34,12): warning CS8618: Non-nullable field '_stagingTexture' must contain a non-null value when exiting constructor. Consider adding the 'required' modifier or declaring the field as nullable. [I:\Visual Studio\XivMediaPlayer\XivMediaPlayer\XivMediaPlayer.csproj]
I:\Visual Studio\XivMediaPlayer\XivMediaPlayer\Compositing\UILayerCapture.cs(34,12): warning CS8618: Non-nullable field '_unk68StagingTexture' must contain a non-null value when exiting constructor. Consider adding the 'required' modifier or declaring the field as nullable. [I:\Visual Studio\XivMediaPlayer\XivMediaPlayer\XivMediaPlayer.csproj]
I:\Visual Studio\XivMediaPlayer\XivMediaPlayer\Compositing\UILayerCapture.cs(34,12): warning CS8618: Non-nullable field '_previewStagingTexture' must contain a non-null value when exiting constructor. Consider adding the 'required' modifier or declaring the field as nullable. [I:\Visual Studio\XivMediaPlayer\XivMediaPlayer\XivMediaPlayer.csproj]
I:\Visual Studio\XivMediaPlayer\XivMediaPlayer\Compositing\UILayerCapture.cs(34,12): warning CS8618: Non-nullable property 'LastAlphaData' must contain a non-null value when exiting constructor. Consider adding the 'required' modifier or declaring the property as nullable. [I:\Visual Studio\XivMediaPlayer\XivMediaPlayer\XivMediaPlayer.csproj]
I:\Visual Studio\XivMediaPlayer\XivMediaPlayer\Compositing\UILayerCapture.cs(34,12): warning CS8618: Non-nullable property 'LastColorData' must contain a non-null value when exiting constructor. Consider adding the 'required' modifier or declaring the property as nullable. [I:\Visual Studio\XivMediaPlayer\XivMediaPlayer\XivMediaPlayer.csproj]
I:\Visual Studio\XivMediaPlayer\XivMediaPlayer\Compositing\WorldVideoRenderer.cs(71,12): warning CS8618: Non-nullable property 'DepthDebugInfo' must contain a non-null value when exiting constructor. Consider adding the 'required' modifier or declaring the property as nullable. [I:\Visual Studio\XivMediaPlayer\XivMediaPlayer\XivMediaPlayer.csproj]
I:\Visual Studio\XivMediaPlayer\XivMediaPlayer\script.cs(7,18): warning CS8600: Converting null literal or possible null value to non-nullable type. [I:\Visual Studio\XivMediaPlayer\XivMediaPlayer\XivMediaPlayer.csproj]
I:\Visual Studio\XivMediaPlayer\XivMediaPlayer\script.cs(8,26): warning CS8602: Dereference of a possibly null reference. [I:\Visual Studio\XivMediaPlayer\XivMediaPlayer\XivMediaPlayer.csproj]
I:\Visual Studio\XivMediaPlayer\XivMediaPlayer\Compositing\TitleTextureManager.cs(30,16): warning CS8618: Non-nullable field '_textureWrap' must contain a non-null value when exiting constructor. Consider adding the 'required' modifier or declaring the field as nullable. [I:\Visual Studio\XivMediaPlayer\XivMediaPlayer\XivMediaPlayer.csproj]
I:\Visual Studio\XivMediaPlayer\XivMediaPlayer\Compositing\HistoryMenuTextureManager.cs(38,16): warning CS8618: Non-nullable field '_textureWrap' must contain a non-null value when exiting constructor. Consider adding the 'required' modifier or declaring the field as nullable. [I:\Visual Studio\XivMediaPlayer\XivMediaPlayer\XivMediaPlayer.csproj]
I:\Visual Studio\XivMediaPlayer\XivMediaPlayer\Windows\VideoWindow.cs(43,12): warning CS8618: Non-nullable field 'textureWrap' must contain a non-null value when exiting constructor. Consider adding the 'required' modifier or declaring the field as nullable. [I:\Visual Studio\XivMediaPlayer\XivMediaPlayer\XivMediaPlayer.csproj]
I:\Visual Studio\XivMediaPlayer\XivMediaPlayer\Windows\VideoWindow.cs(43,12): warning CS8618: Non-nullable field '_mediaManager' must contain a non-null value when exiting constructor. Consider adding the 'required' modifier or declaring the field as nullable. [I:\Visual Studio\XivMediaPlayer\XivMediaPlayer\XivMediaPlayer.csproj]
I:\Visual Studio\XivMediaPlayer\XivMediaPlayer\Windows\VideoWindow.cs(43,12): warning CS8618: Non-nullable event 'WindowResized' must contain a non-null value when exiting constructor. Consider adding the 'required' modifier or declaring the event as nullable. [I:\Visual Studio\XivMediaPlayer\XivMediaPlayer\XivMediaPlayer.csproj]
I:\Visual Studio\XivMediaPlayer\XivMediaPlayer\Windows\VideoWindow.cs(43,12): warning CS8618: Non-nullable field '_videoTexture' must contain a non-null value when exiting constructor. Consider adding the 'required' modifier or declaring the field as nullable. [I:\Visual Studio\XivMediaPlayer\XivMediaPlayer\XivMediaPlayer.csproj]
I:\Visual Studio\XivMediaPlayer\XivMediaPlayer\Windows\VideoWindow.cs(43,12): warning CS8618: Non-nullable field '_blackFrame' must contain a non-null value when exiting constructor. Consider adding the 'required' modifier or declaring the field as nullable. [I:\Visual Studio\XivMediaPlayer\XivMediaPlayer\XivMediaPlayer.csproj]
I:\Visual Studio\XivMediaPlayer\XivMediaPlayer\Windows\VideoWindow.cs(43,12): warning CS8618: Non-nullable field '_lastLoadedFrame' must contain a non-null value when exiting constructor. Consider adding the 'required' modifier or declaring the field as nullable. [I:\Visual Studio\XivMediaPlayer\XivMediaPlayer\XivMediaPlayer.csproj]
I:\Visual Studio\XivMediaPlayer\XivMediaPlayer\Networking\SyncClient.cs(16,16): warning CS8618: Non-nullable field '_connection' must contain a non-null value when exiting constructor. Consider adding the 'required' modifier or declaring the field as nullable. [I:\Visual Studio\XivMediaPlayer\XivMediaPlayer\XivMediaPlayer.csproj]
I:\Visual Studio\XivMediaPlayer\XivMediaPlayer\Networking\SyncClient.cs(16,16): warning CS8618: Non-nullable field '_currentRoom' must contain a non-null value when exiting constructor. Consider adding the 'required' modifier or declaring the field as nullable. [I:\Visual Studio\XivMediaPlayer\XivMediaPlayer\XivMediaPlayer.csproj]
I:\Visual Studio\XivMediaPlayer\XivMediaPlayer\Configuration.cs(84,12): warning CS8618: Non-nullable event 'OnConfigurationChanged' must contain a non-null value when exiting constructor. Consider adding the 'required' modifier or declaring the event as nullable. [I:\Visual Studio\XivMediaPlayer\XivMediaPlayer\XivMediaPlayer.csproj]
I:\Visual Studio\XivMediaPlayer\XivMediaPlayer\Configuration.cs(84,12): warning CS8618: Non-nullable field 'pluginInterface' must contain a non-null value when exiting constructor. Consider adding the 'required' modifier or declaring the field as nullable. [I:\Visual Studio\XivMediaPlayer\XivMediaPlayer\XivMediaPlayer.csproj]
I:\Visual Studio\XivMediaPlayer\XivMediaPlayer\Compositing\UILayerCapture.cs(88,23): warning CS8625: Cannot convert null literal to non-nullable reference type. [I:\Visual Studio\XivMediaPlayer\XivMediaPlayer\XivMediaPlayer.csproj]
I:\Visual Studio\XivMediaPlayer\XivMediaPlayer\Compositing\UILayerCapture.cs(93,32): warning CS8625: Cannot convert null literal to non-nullable reference type. [I:\Visual Studio\XivMediaPlayer\XivMediaPlayer\XivMediaPlayer.csproj]
I:\Visual Studio\XivMediaPlayer\XivMediaPlayer\Compositing\UILayerCapture.cs(94,39): warning CS8625: Cannot convert null literal to non-nullable reference type. [I:\Visual Studio\XivMediaPlayer\XivMediaPlayer\XivMediaPlayer.csproj]
I:\Visual Studio\XivMediaPlayer\XivMediaPlayer\Compositing\VignetteExtractor.cs(222,49): warning CS8625: Cannot convert null literal to non-nullable reference type. [I:\Visual Studio\XivMediaPlayer\XivMediaPlayer\XivMediaPlayer.csproj]
I:\Visual Studio\XivMediaPlayer\XivMediaPlayer\Compositing\VignetteExtractor.cs(223,49): warning CS8625: Cannot convert null literal to non-nullable reference type. [I:\Visual Studio\XivMediaPlayer\XivMediaPlayer\XivMediaPlayer.csproj]
I:\Visual Studio\XivMediaPlayer\XivMediaPlayer\Compositing\VignetteExtractor.cs(224,49): warning CS8625: Cannot convert null literal to non-nullable reference type. [I:\Visual Studio\XivMediaPlayer\XivMediaPlayer\XivMediaPlayer.csproj]
I:\Visual Studio\XivMediaPlayer\XivMediaPlayer\Compositing\VignetteExtractor.cs(234,49): warning CS8625: Cannot convert null literal to non-nullable reference type. [I:\Visual Studio\XivMediaPlayer\XivMediaPlayer\XivMediaPlayer.csproj]
I:\Visual Studio\XivMediaPlayer\XivMediaPlayer\Compositing\TitleTextureManager.cs(45,28): warning CS8625: Cannot convert null literal to non-nullable reference type. [I:\Visual Studio\XivMediaPlayer\XivMediaPlayer\XivMediaPlayer.csproj]
I:\Visual Studio\XivMediaPlayer\XivMediaPlayer\Compositing\GlowRenderer.cs(186,43): warning CS8600: Converting null literal or possible null value to non-nullable type. [I:\Visual Studio\XivMediaPlayer\XivMediaPlayer\XivMediaPlayer.csproj]
I:\Visual Studio\XivMediaPlayer\XivMediaPlayer\Compositing\GlowRenderer.cs(186,43): warning CS8625: Cannot convert null literal to non-nullable reference type. [I:\Visual Studio\XivMediaPlayer\XivMediaPlayer\XivMediaPlayer.csproj]
I:\Visual Studio\XivMediaPlayer\XivMediaPlayer\Compositing\TitleTextureManager.cs(118,28): warning CS8625: Cannot convert null literal to non-nullable reference type. [I:\Visual Studio\XivMediaPlayer\XivMediaPlayer\XivMediaPlayer.csproj]
I:\Visual Studio\XivMediaPlayer\XivMediaPlayer\Compositing\VignetteExtractor.cs(14,30): warning CS8618: Non-nullable field '_device' must contain a non-null value when exiting constructor. Consider adding the 'required' modifier or declaring the field as nullable. [I:\Visual Studio\XivMediaPlayer\XivMediaPlayer\XivMediaPlayer.csproj]
I:\Visual Studio\XivMediaPlayer\XivMediaPlayer\Compositing\VignetteExtractor.cs(15,37): warning CS8618: Non-nullable field '_context' must contain a non-null value when exiting constructor. Consider adding the 'required' modifier or declaring the field as nullable. [I:\Visual Studio\XivMediaPlayer\XivMediaPlayer\XivMediaPlayer.csproj]
I:\Visual Studio\XivMediaPlayer\XivMediaPlayer\Compositing\VignetteExtractor.cs(18,36): warning CS8618: Non-nullable field '_vertexShader' must contain a non-null value when exiting constructor. Consider adding the 'required' modifier or declaring the field as nullable. [I:\Visual Studio\XivMediaPlayer\XivMediaPlayer\XivMediaPlayer.csproj]
I:\Visual Studio\XivMediaPlayer\XivMediaPlayer\Compositing\VignetteExtractor.cs(19,35): warning CS8618: Non-nullable field '_extractShader' must contain a non-null value when exiting constructor. Consider adding the 'required' modifier or declaring the field as nullable. [I:\Visual Studio\XivMediaPlayer\XivMediaPlayer\XivMediaPlayer.csproj]
I:\Visual Studio\XivMediaPlayer\XivMediaPlayer\Compositing\VignetteExtractor.cs(20,35): warning CS8618: Non-nullable field '_extrapolateShader' must contain a non-null value when exiting constructor. Consider adding the 'required' modifier or declaring the field as nullable. [I:\Visual Studio\XivMediaPlayer\XivMediaPlayer\XivMediaPlayer.csproj]
I:\Visual Studio\XivMediaPlayer\XivMediaPlayer\Compositing\VignetteExtractor.cs(21,36): warning CS8618: Non-nullable field '_linearSampler' must contain a non-null value when exiting constructor. Consider adding the 'required' modifier or declaring the field as nullable. [I:\Visual Studio\XivMediaPlayer\XivMediaPlayer\XivMediaPlayer.csproj]
I:\Visual Studio\XivMediaPlayer\XivMediaPlayer\Compositing\VignetteExtractor.cs(22,34): warning CS8618: Non-nullable field '_blendState' must contain a non-null value when exiting constructor. Consider adding the 'required' modifier or declaring the field as nullable. [I:\Visual Studio\XivMediaPlayer\XivMediaPlayer\XivMediaPlayer.csproj]
I:\Visual Studio\XivMediaPlayer\XivMediaPlayer\Compositing\VignetteExtractor.cs(25,33): warning CS8618: Non-nullable field '_rawTexture' must contain a non-null value when exiting constructor. Consider adding the 'required' modifier or declaring the field as nullable. [I:\Visual Studio\XivMediaPlayer\XivMediaPlayer\XivMediaPlayer.csproj]
I:\Visual Studio\XivMediaPlayer\XivMediaPlayer\Compositing\VignetteExtractor.cs(26,42): warning CS8618: Non-nullable field '_rawSRV' must contain a non-null value when exiting constructor. Consider adding the 'required' modifier or declaring the field as nullable. [I:\Visual Studio\XivMediaPlayer\XivMediaPlayer\XivMediaPlayer.csproj]
I:\Visual Studio\XivMediaPlayer\XivMediaPlayer\Compositing\VignetteExtractor.cs(27,40): warning CS8618: Non-nullable field '_rawRTV' must contain a non-null value when exiting constructor. Consider adding the 'required' modifier or declaring the field as nullable. [I:\Visual Studio\XivMediaPlayer\XivMediaPlayer\XivMediaPlayer.csproj]
I:\Visual Studio\XivMediaPlayer\XivMediaPlayer\Compositing\VignetteExtractor.cs(30,33): warning CS8618: Non-nullable field '_extrapTexture' must contain a non-null value when exiting constructor. Consider adding the 'required' modifier or declaring the field as nullable. [I:\Visual Studio\XivMediaPlayer\XivMediaPlayer\XivMediaPlayer.csproj]
I:\Visual Studio\XivMediaPlayer\XivMediaPlayer\Compositing\VignetteExtractor.cs(31,42): warning CS8618: Non-nullable field '_extrapSRV' must contain a non-null value when exiting constructor. Consider adding the 'required' modifier or declaring the field as nullable. [I:\Visual Studio\XivMediaPlayer\XivMediaPlayer\XivMediaPlayer.csproj]
I:\Visual Studio\XivMediaPlayer\XivMediaPlayer\Compositing\VignetteExtractor.cs(32,40): warning CS8618: Non-nullable field '_extrapRTV' must contain a non-null value when exiting constructor. Consider adding the 'required' modifier or declaring the field as nullable. [I:\Visual Studio\XivMediaPlayer\XivMediaPlayer\XivMediaPlayer.csproj]
I:\Visual Studio\XivMediaPlayer\XivMediaPlayer\Compositing\GlowRenderer.cs(15,26): warning CS8618: Non-nullable field '_device' must contain a non-null value when exiting constructor. Consider adding the 'required' modifier or declaring the field as nullable. [I:\Visual Studio\XivMediaPlayer\XivMediaPlayer\XivMediaPlayer.csproj]
I:\Visual Studio\XivMediaPlayer\XivMediaPlayer\Compositing\GlowRenderer.cs(16,33): warning CS8618: Non-nullable field '_context' must contain a non-null value when exiting constructor. Consider adding the 'required' modifier or declaring the field as nullable. [I:\Visual Studio\XivMediaPlayer\XivMediaPlayer\XivMediaPlayer.csproj]
I:\Visual Studio\XivMediaPlayer\XivMediaPlayer\Compositing\GlowRenderer.cs(19,32): warning CS8618: Non-nullable field '_vertexShader' must contain a non-null value when exiting constructor. Consider adding the 'required' modifier or declaring the field as nullable. [I:\Visual Studio\XivMediaPlayer\XivMediaPlayer\XivMediaPlayer.csproj]
I:\Visual Studio\XivMediaPlayer\XivMediaPlayer\Compositing\GlowRenderer.cs(20,31): warning CS8618: Non-nullable field '_pixelShader' must contain a non-null value when exiting constructor. Consider adding the 'required' modifier or declaring the field as nullable. [I:\Visual Studio\XivMediaPlayer\XivMediaPlayer\XivMediaPlayer.csproj]
I:\Visual Studio\XivMediaPlayer\XivMediaPlayer\Compositing\GlowRenderer.cs(21,32): warning CS8618: Non-nullable field '_sampler' must contain a non-null value when exiting constructor. Consider adding the 'required' modifier or declaring the field as nullable. [I:\Visual Studio\XivMediaPlayer\XivMediaPlayer\XivMediaPlayer.csproj]
I:\Visual Studio\XivMediaPlayer\XivMediaPlayer\Compositing\GlowRenderer.cs(22,30): warning CS8618: Non-nullable field '_blendState' must contain a non-null value when exiting constructor. Consider adding the 'required' modifier or declaring the field as nullable. [I:\Visual Studio\XivMediaPlayer\XivMediaPlayer\XivMediaPlayer.csproj]
I:\Visual Studio\XivMediaPlayer\XivMediaPlayer\Compositing\GlowRenderer.cs(25,29): warning CS8618: Non-nullable field '_glowTexture' must contain a non-null value when exiting constructor. Consider adding the 'required' modifier or declaring the field as nullable. [I:\Visual Studio\XivMediaPlayer\XivMediaPlayer\XivMediaPlayer.csproj]
I:\Visual Studio\XivMediaPlayer\XivMediaPlayer\Compositing\GlowRenderer.cs(26,38): warning CS8618: Non-nullable field '_glowSRV' must contain a non-null value when exiting constructor. Consider adding the 'required' modifier or declaring the field as nullable. [I:\Visual Studio\XivMediaPlayer\XivMediaPlayer\XivMediaPlayer.csproj]
I:\Visual Studio\XivMediaPlayer\XivMediaPlayer\Compositing\GlowRenderer.cs(27,36): warning CS8618: Non-nullable field '_glowRTV' must contain a non-null value when exiting constructor. Consider adding the 'required' modifier or declaring the field as nullable. [I:\Visual Studio\XivMediaPlayer\XivMediaPlayer\XivMediaPlayer.csproj]
I:\Visual Studio\XivMediaPlayer\XivMediaPlayer\Compositing\SceneReconstructionPreviewRenderer.cs(243,39): warning CS8600: Converting null literal or possible null value to non-nullable type. [I:\Visual Studio\XivMediaPlayer\XivMediaPlayer\XivMediaPlayer.csproj]
I:\Visual Studio\XivMediaPlayer\XivMediaPlayer\Compositing\SceneReconstructionPreviewRenderer.cs(244,39): warning CS8600: Converting null literal or possible null value to non-nullable type. [I:\Visual Studio\XivMediaPlayer\XivMediaPlayer\XivMediaPlayer.csproj]
I:\Visual Studio\XivMediaPlayer\XivMediaPlayer\Compositing\SceneReconstructionPreviewRenderer.cs(245,39): warning CS8600: Converting null literal or possible null value to non-nullable type. [I:\Visual Studio\XivMediaPlayer\XivMediaPlayer\XivMediaPlayer.csproj]
I:\Visual Studio\XivMediaPlayer\XivMediaPlayer\Compositing\SceneReconstructionPreviewRenderer.cs(246,39): warning CS8600: Converting null literal or possible null value to non-nullable type. [I:\Visual Studio\XivMediaPlayer\XivMediaPlayer\XivMediaPlayer.csproj]
I:\Visual Studio\XivMediaPlayer\XivMediaPlayer\Compositing\SceneReconstructionPreviewRenderer.cs(247,39): warning CS8600: Converting null literal or possible null value to non-nullable type. [I:\Visual Studio\XivMediaPlayer\XivMediaPlayer\XivMediaPlayer.csproj]
I:\Visual Studio\XivMediaPlayer\XivMediaPlayer\Compositing\SceneReconstructionPreviewRenderer.cs(248,50): warning CS8600: Converting null literal or possible null value to non-nullable type. [I:\Visual Studio\XivMediaPlayer\XivMediaPlayer\XivMediaPlayer.csproj]
I:\Visual Studio\XivMediaPlayer\XivMediaPlayer\Compositing\SceneReconstructionPreviewRenderer.cs(249,51): warning CS8600: Converting null literal or possible null value to non-nullable type. [I:\Visual Studio\XivMediaPlayer\XivMediaPlayer\XivMediaPlayer.csproj]
I:\Visual Studio\XivMediaPlayer\XivMediaPlayer\Compositing\SceneReconstructionPreviewRenderer.cs(250,43): warning CS8600: Converting null literal or possible null value to non-nullable type. [I:\Visual Studio\XivMediaPlayer\XivMediaPlayer\XivMediaPlayer.csproj]
I:\Visual Studio\XivMediaPlayer\XivMediaPlayer\Compositing\SceneReconstructionPreviewRenderer.cs(368,17): warning CS8625: Cannot convert null literal to non-nullable reference type. [I:\Visual Studio\XivMediaPlayer\XivMediaPlayer\XivMediaPlayer.csproj]
I:\Visual Studio\XivMediaPlayer\XivMediaPlayer\Compositing\SceneReconstructionPreviewRenderer.cs(369,18): warning CS8625: Cannot convert null literal to non-nullable reference type. [I:\Visual Studio\XivMediaPlayer\XivMediaPlayer\XivMediaPlayer.csproj]
I:\Visual Studio\XivMediaPlayer\XivMediaPlayer\Compositing\SceneReconstructionPreviewRenderer.cs(13,26): warning CS8618: Non-nullable field '_device' must contain a non-null value when exiting constructor. Consider adding the 'required' modifier or declaring the field as nullable. [I:\Visual Studio\XivMediaPlayer\XivMediaPlayer\XivMediaPlayer.csproj]
I:\Visual Studio\XivMediaPlayer\XivMediaPlayer\Compositing\SceneReconstructionPreviewRenderer.cs(14,33): warning CS8618: Non-nullable field '_context' must contain a non-null value when exiting constructor. Consider adding the 'required' modifier or declaring the field as nullable. [I:\Visual Studio\XivMediaPlayer\XivMediaPlayer\XivMediaPlayer.csproj]
I:\Visual Studio\XivMediaPlayer\XivMediaPlayer\Compositing\SceneReconstructionPreviewRenderer.cs(17,32): warning CS8618: Non-nullable field '_vertexShader' must contain a non-null value when exiting constructor. Consider adding the 'required' modifier or declaring the field as nullable. [I:\Visual Studio\XivMediaPlayer\XivMediaPlayer\XivMediaPlayer.csproj]
I:\Visual Studio\XivMediaPlayer\XivMediaPlayer\Compositing\SceneReconstructionPreviewRenderer.cs(18,31): warning CS8618: Non-nullable field '_pixelShader' must contain a non-null value when exiting constructor. Consider adding the 'required' modifier or declaring the field as nullable. [I:\Visual Studio\XivMediaPlayer\XivMediaPlayer\XivMediaPlayer.csproj]
I:\Visual Studio\XivMediaPlayer\XivMediaPlayer\Compositing\SceneReconstructionPreviewRenderer.cs(19,32): warning CS8618: Non-nullable field '_sampler' must contain a non-null value when exiting constructor. Consider adding the 'required' modifier or declaring the field as nullable. [I:\Visual Studio\XivMediaPlayer\XivMediaPlayer\XivMediaPlayer.csproj]
I:\Visual Studio\XivMediaPlayer\XivMediaPlayer\Compositing\SceneReconstructionPreviewRenderer.cs(20,30): warning CS8618: Non-nullable field '_blendState' must contain a non-null value when exiting constructor. Consider adding the 'required' modifier or declaring the field as nullable. [I:\Visual Studio\XivMediaPlayer\XivMediaPlayer\XivMediaPlayer.csproj]
I:\Visual Studio\XivMediaPlayer\XivMediaPlayer\Compositing\SceneReconstructionPreviewRenderer.cs(23,29): warning CS8618: Non-nullable field '_previewTexture' must contain a non-null value when exiting constructor. Consider adding the 'required' modifier or declaring the field as nullable. [I:\Visual Studio\XivMediaPlayer\XivMediaPlayer\XivMediaPlayer.csproj]
I:\Visual Studio\XivMediaPlayer\XivMediaPlayer\Compositing\SceneReconstructionPreviewRenderer.cs(24,38): warning CS8618: Non-nullable field '_previewSRV' must contain a non-null value when exiting constructor. Consider adding the 'required' modifier or declaring the field as nullable. [I:\Visual Studio\XivMediaPlayer\XivMediaPlayer\XivMediaPlayer.csproj]
I:\Visual Studio\XivMediaPlayer\XivMediaPlayer\Compositing\SceneReconstructionPreviewRenderer.cs(25,36): warning CS8618: Non-nullable field '_previewRTV' must contain a non-null value when exiting constructor. Consider adding the 'required' modifier or declaring the field as nullable. [I:\Visual Studio\XivMediaPlayer\XivMediaPlayer\XivMediaPlayer.csproj]
I:\Visual Studio\XivMediaPlayer\XivMediaPlayer\Compositing\SceneReconstructionPreviewRenderer.cs(29,29): warning CS8618: Non-nullable field '_copyTex0' must contain a non-null value when exiting constructor. Consider adding the 'required' modifier or declaring the field as nullable. [I:\Visual Studio\XivMediaPlayer\XivMediaPlayer\XivMediaPlayer.csproj]
I:\Visual Studio\XivMediaPlayer\XivMediaPlayer\Compositing\SceneReconstructionPreviewRenderer.cs(30,29): warning CS8618: Non-nullable field '_copyTex1' must contain a non-null value when exiting constructor. Consider adding the 'required' modifier or declaring the field as nullable. [I:\Visual Studio\XivMediaPlayer\XivMediaPlayer\XivMediaPlayer.csproj]
I:\Visual Studio\XivMediaPlayer\XivMediaPlayer\Compositing\SceneReconstructionPreviewRenderer.cs(31,29): warning CS8618: Non-nullable field '_copyTex2' must contain a non-null value when exiting constructor. Consider adding the 'required' modifier or declaring the field as nullable. [I:\Visual Studio\XivMediaPlayer\XivMediaPlayer\XivMediaPlayer.csproj]
I:\Visual Studio\XivMediaPlayer\XivMediaPlayer\Compositing\SceneReconstructionPreviewRenderer.cs(32,29): warning CS8618: Non-nullable field '_copyTex3' must contain a non-null value when exiting constructor. Consider adding the 'required' modifier or declaring the field as nullable. [I:\Visual Studio\XivMediaPlayer\XivMediaPlayer\XivMediaPlayer.csproj]
I:\Visual Studio\XivMediaPlayer\XivMediaPlayer\Compositing\SceneReconstructionPreviewRenderer.cs(33,29): warning CS8618: Non-nullable field '_copyTex4' must contain a non-null value when exiting constructor. Consider adding the 'required' modifier or declaring the field as nullable. [I:\Visual Studio\XivMediaPlayer\XivMediaPlayer\XivMediaPlayer.csproj]
I:\Visual Studio\XivMediaPlayer\XivMediaPlayer\Compositing\SceneReconstructionPreviewRenderer.cs(34,29): warning CS8618: Non-nullable field '_copyTexDiff' must contain a non-null value when exiting constructor. Consider adding the 'required' modifier or declaring the field as nullable. [I:\Visual Studio\XivMediaPlayer\XivMediaPlayer\XivMediaPlayer.csproj]
I:\Visual Studio\XivMediaPlayer\XivMediaPlayer\Compositing\SceneReconstructionPreviewRenderer.cs(35,29): warning CS8618: Non-nullable field '_copyTexSpec' must contain a non-null value when exiting constructor. Consider adding the 'required' modifier or declaring the field as nullable. [I:\Visual Studio\XivMediaPlayer\XivMediaPlayer\XivMediaPlayer.csproj]
I:\Visual Studio\XivMediaPlayer\XivMediaPlayer\Compositing\SceneReconstructionPreviewRenderer.cs(36,29): warning CS8618: Non-nullable field '_copyTexUnk' must contain a non-null value when exiting constructor. Consider adding the 'required' modifier or declaring the field as nullable. [I:\Visual Studio\XivMediaPlayer\XivMediaPlayer\XivMediaPlayer.csproj]
I:\Visual Studio\XivMediaPlayer\XivMediaPlayer\Compositing\SceneReconstructionPreviewRenderer.cs(141,26): warning CS8618: Non-nullable field '_constantBuffer' must contain a non-null value when exiting constructor. Consider adding the 'required' modifier or declaring the field as nullable. [I:\Visual Studio\XivMediaPlayer\XivMediaPlayer\XivMediaPlayer.csproj]
I:\Visual Studio\XivMediaPlayer\XivMediaPlayer\Utils\TextureDumper.cs(80,67): warning CS8603: Possible null reference return. [I:\Visual Studio\XivMediaPlayer\XivMediaPlayer\XivMediaPlayer.csproj]
I:\Visual Studio\XivMediaPlayer\XivMediaPlayer\Utils\TextureDumper.cs(82,41): warning CS8600: Converting null literal or possible null value to non-nullable type. [I:\Visual Studio\XivMediaPlayer\XivMediaPlayer\XivMediaPlayer.csproj]
I:\Visual Studio\XivMediaPlayer\XivMediaPlayer\Utils\TextureDumper.cs(83,42): warning CS8600: Converting null literal or possible null value to non-nullable type. [I:\Visual Studio\XivMediaPlayer\XivMediaPlayer\XivMediaPlayer.csproj]
I:\Visual Studio\XivMediaPlayer\XivMediaPlayer\Utils\TextureDumper.cs(84,42): warning CS8600: Converting null literal or possible null value to non-nullable type. [I:\Visual Studio\XivMediaPlayer\XivMediaPlayer\XivMediaPlayer.csproj]
I:\Visual Studio\XivMediaPlayer\XivMediaPlayer\Utils\TextureDumper.cs(121,53): warning CS8600: Converting null literal or possible null value to non-nullable type. [I:\Visual Studio\XivMediaPlayer\XivMediaPlayer\XivMediaPlayer.csproj]
I:\Visual Studio\XivMediaPlayer\XivMediaPlayer\Utils\TextureDumper.cs(121,53): warning CS8625: Cannot convert null literal to non-nullable reference type. [I:\Visual Studio\XivMediaPlayer\XivMediaPlayer\XivMediaPlayer.csproj]
I:\Visual Studio\XivMediaPlayer\XivMediaPlayer\Utils\TextureDumper.cs(164,24): warning CS8603: Possible null reference return. [I:\Visual Studio\XivMediaPlayer\XivMediaPlayer\XivMediaPlayer.csproj]
I:\Visual Studio\XivMediaPlayer\XivMediaPlayer\Utils\TextureDumper.cs(10,30): warning CS8618: Non-nullable field '_device' must contain a non-null value when exiting constructor. Consider adding the 'required' modifier or declaring the field as nullable. [I:\Visual Studio\XivMediaPlayer\XivMediaPlayer\XivMediaPlayer.csproj]
I:\Visual Studio\XivMediaPlayer\XivMediaPlayer\Utils\TextureDumper.cs(11,37): warning CS8618: Non-nullable field '_context' must contain a non-null value when exiting constructor. Consider adding the 'required' modifier or declaring the field as nullable. [I:\Visual Studio\XivMediaPlayer\XivMediaPlayer\XivMediaPlayer.csproj]
I:\Visual Studio\XivMediaPlayer\XivMediaPlayer\Utils\TextureDumper.cs(12,36): warning CS8618: Non-nullable field '_vertexShader' must contain a non-null value when exiting constructor. Consider adding the 'required' modifier or declaring the field as nullable. [I:\Visual Studio\XivMediaPlayer\XivMediaPlayer\XivMediaPlayer.csproj]
I:\Visual Studio\XivMediaPlayer\XivMediaPlayer\Utils\TextureDumper.cs(13,35): warning CS8618: Non-nullable field '_pixelShader' must contain a non-null value when exiting constructor. Consider adding the 'required' modifier or declaring the field as nullable. [I:\Visual Studio\XivMediaPlayer\XivMediaPlayer\XivMediaPlayer.csproj]
I:\Visual Studio\XivMediaPlayer\XivMediaPlayer\Utils\TextureDumper.cs(14,36): warning CS8618: Non-nullable field '_sampler' must contain a non-null value when exiting constructor. Consider adding the 'required' modifier or declaring the field as nullable. [I:\Visual Studio\XivMediaPlayer\XivMediaPlayer\XivMediaPlayer.csproj]
I:\Visual Studio\XivMediaPlayer\XivMediaPlayer\Utils\TextureDumper.cs(15,34): warning CS8618: Non-nullable field '_blendState' must contain a non-null value when exiting constructor. Consider adding the 'required' modifier or declaring the field as nullable. [I:\Visual Studio\XivMediaPlayer\XivMediaPlayer\XivMediaPlayer.csproj]
I:\Visual Studio\XivMediaPlayer\XivMediaPlayer\Compositing\DepthTestedRenderer.cs(997,21): warning CS8602: Dereference of a possibly null reference. [I:\Visual Studio\XivMediaPlayer\XivMediaPlayer\XivMediaPlayer.csproj]
I:\Visual Studio\XivMediaPlayer\XivMediaPlayer\Compositing\DepthTestedRenderer.cs(1028,19): warning CS8601: Possible null reference assignment. [I:\Visual Studio\XivMediaPlayer\XivMediaPlayer\XivMediaPlayer.csproj]
I:\Visual Studio\XivMediaPlayer\XivMediaPlayer\Compositing\DepthTestedRenderer.cs(1030,19): warning CS8601: Possible null reference assignment. [I:\Visual Studio\XivMediaPlayer\XivMediaPlayer\XivMediaPlayer.csproj]
I:\Visual Studio\XivMediaPlayer\XivMediaPlayer\Compositing\DepthTestedRenderer.cs(1032,19): warning CS8601: Possible null reference assignment. [I:\Visual Studio\XivMediaPlayer\XivMediaPlayer\XivMediaPlayer.csproj]
I:\Visual Studio\XivMediaPlayer\XivMediaPlayer\Compositing\DepthTestedRenderer.cs(1034,19): warning CS8601: Possible null reference assignment. [I:\Visual Studio\XivMediaPlayer\XivMediaPlayer\XivMediaPlayer.csproj]
I:\Visual Studio\XivMediaPlayer\XivMediaPlayer\Compositing\DepthTestedRenderer.cs(1036,19): warning CS8601: Possible null reference assignment. [I:\Visual Studio\XivMediaPlayer\XivMediaPlayer\XivMediaPlayer.csproj]
I:\Visual Studio\XivMediaPlayer\XivMediaPlayer\Compositing\DepthTestedRenderer.cs(1038,19): warning CS8601: Possible null reference assignment. [I:\Visual Studio\XivMediaPlayer\XivMediaPlayer\XivMediaPlayer.csproj]
I:\Visual Studio\XivMediaPlayer\XivMediaPlayer\Compositing\DepthTestedRenderer.cs(1040,19): warning CS8601: Possible null reference assignment. [I:\Visual Studio\XivMediaPlayer\XivMediaPlayer\XivMediaPlayer.csproj]
I:\Visual Studio\XivMediaPlayer\XivMediaPlayer\Compositing\DepthTestedRenderer.cs(1055,41): warning CS8600: Converting null literal or possible null value to non-nullable type. [I:\Visual Studio\XivMediaPlayer\XivMediaPlayer\XivMediaPlayer.csproj]
I:\Visual Studio\XivMediaPlayer\XivMediaPlayer\Compositing\DepthTestedRenderer.cs(1055,41): warning CS8625: Cannot convert null literal to non-nullable reference type. [I:\Visual Studio\XivMediaPlayer\XivMediaPlayer\XivMediaPlayer.csproj]
I:\Visual Studio\XivMediaPlayer\XivMediaPlayer\Compositing\DepthTestedRenderer.cs(1056,41): warning CS8600: Converting null literal or possible null value to non-nullable type. [I:\Visual Studio\XivMediaPlayer\XivMediaPlayer\XivMediaPlayer.csproj]
I:\Visual Studio\XivMediaPlayer\XivMediaPlayer\Compositing\DepthTestedRenderer.cs(1056,41): warning CS8625: Cannot convert null literal to non-nullable reference type. [I:\Visual Studio\XivMediaPlayer\XivMediaPlayer\XivMediaPlayer.csproj]
I:\Visual Studio\XivMediaPlayer\XivMediaPlayer\Compositing\DepthTestedRenderer.cs(1057,41): warning CS8600: Converting null literal or possible null value to non-nullable type. [I:\Visual Studio\XivMediaPlayer\XivMediaPlayer\XivMediaPlayer.csproj]
I:\Visual Studio\XivMediaPlayer\XivMediaPlayer\Compositing\DepthTestedRenderer.cs(1057,41): warning CS8625: Cannot convert null literal to non-nullable reference type. [I:\Visual Studio\XivMediaPlayer\XivMediaPlayer\XivMediaPlayer.csproj]
I:\Visual Studio\XivMediaPlayer\XivMediaPlayer\Compositing\DepthTestedRenderer.cs(1058,41): warning CS8600: Converting null literal or possible null value to non-nullable type. [I:\Visual Studio\XivMediaPlayer\XivMediaPlayer\XivMediaPlayer.csproj]
I:\Visual Studio\XivMediaPlayer\XivMediaPlayer\Compositing\DepthTestedRenderer.cs(1058,41): warning CS8625: Cannot convert null literal to non-nullable reference type. [I:\Visual Studio\XivMediaPlayer\XivMediaPlayer\XivMediaPlayer.csproj]
I:\Visual Studio\XivMediaPlayer\XivMediaPlayer\Compositing\DepthTestedRenderer.cs(1059,41): warning CS8600: Converting null literal or possible null value to non-nullable type. [I:\Visual Studio\XivMediaPlayer\XivMediaPlayer\XivMediaPlayer.csproj]
I:\Visual Studio\XivMediaPlayer\XivMediaPlayer\Compositing\DepthTestedRenderer.cs(1059,41): warning CS8625: Cannot convert null literal to non-nullable reference type. [I:\Visual Studio\XivMediaPlayer\XivMediaPlayer\XivMediaPlayer.csproj]
I:\Visual Studio\XivMediaPlayer\XivMediaPlayer\Compositing\DepthTestedRenderer.cs(1060,41): warning CS8600: Converting null literal or possible null value to non-nullable type. [I:\Visual Studio\XivMediaPlayer\XivMediaPlayer\XivMediaPlayer.csproj]
I:\Visual Studio\XivMediaPlayer\XivMediaPlayer\Compositing\DepthTestedRenderer.cs(1060,41): warning CS8625: Cannot convert null literal to non-nullable reference type. [I:\Visual Studio\XivMediaPlayer\XivMediaPlayer\XivMediaPlayer.csproj]
I:\Visual Studio\XivMediaPlayer\XivMediaPlayer\Compositing\DepthTestedRenderer.cs(1061,41): warning CS8600: Converting null literal or possible null value to non-nullable type. [I:\Visual Studio\XivMediaPlayer\XivMediaPlayer\XivMediaPlayer.csproj]
I:\Visual Studio\XivMediaPlayer\XivMediaPlayer\Compositing\DepthTestedRenderer.cs(1061,41): warning CS8625: Cannot convert null literal to non-nullable reference type. [I:\Visual Studio\XivMediaPlayer\XivMediaPlayer\XivMediaPlayer.csproj]
I:\Visual Studio\XivMediaPlayer\XivMediaPlayer\Compositing\DepthTestedRenderer.cs(1062,41): warning CS8600: Converting null literal or possible null value to non-nullable type. [I:\Visual Studio\XivMediaPlayer\XivMediaPlayer\XivMediaPlayer.csproj]
I:\Visual Studio\XivMediaPlayer\XivMediaPlayer\Compositing\DepthTestedRenderer.cs(1062,41): warning CS8625: Cannot convert null literal to non-nullable reference type. [I:\Visual Studio\XivMediaPlayer\XivMediaPlayer\XivMediaPlayer.csproj]
I:\Visual Studio\XivMediaPlayer\XivMediaPlayer\Compositing\DepthTestedRenderer.cs(1085,17): warning CS8625: Cannot convert null literal to non-nullable reference type. [I:\Visual Studio\XivMediaPlayer\XivMediaPlayer\XivMediaPlayer.csproj]
I:\Visual Studio\XivMediaPlayer\XivMediaPlayer\Compositing\DepthTestedRenderer.cs(1086,18): warning CS8625: Cannot convert null literal to non-nullable reference type. [I:\Visual Studio\XivMediaPlayer\XivMediaPlayer\XivMediaPlayer.csproj]
I:\Visual Studio\XivMediaPlayer\XivMediaPlayer\Compositing\DepthTestedRenderer.cs(15,26): warning CS8618: Non-nullable field '_device' must contain a non-null value when exiting constructor. Consider adding the 'required' modifier or declaring the field as nullable. [I:\Visual Studio\XivMediaPlayer\XivMediaPlayer\XivMediaPlayer.csproj]
I:\Visual Studio\XivMediaPlayer\XivMediaPlayer\Compositing\DepthTestedRenderer.cs(16,33): warning CS8618: Non-nullable field '_context' must contain a non-null value when exiting constructor. Consider adding the 'required' modifier or declaring the field as nullable. [I:\Visual Studio\XivMediaPlayer\XivMediaPlayer\XivMediaPlayer.csproj]
I:\Visual Studio\XivMediaPlayer\XivMediaPlayer\Compositing\DepthTestedRenderer.cs(19,32): warning CS8618: Non-nullable field '_vertexShader' must contain a non-null value when exiting constructor. Consider adding the 'required' modifier or declaring the field as nullable. [I:\Visual Studio\XivMediaPlayer\XivMediaPlayer\XivMediaPlayer.csproj]
I:\Visual Studio\XivMediaPlayer\XivMediaPlayer\Compositing\DepthTestedRenderer.cs(20,31): warning CS8618: Non-nullable field '_pixelShader' must contain a non-null value when exiting constructor. Consider adding the 'required' modifier or declaring the field as nullable. [I:\Visual Studio\XivMediaPlayer\XivMediaPlayer\XivMediaPlayer.csproj]
I:\Visual Studio\XivMediaPlayer\XivMediaPlayer\Compositing\DepthTestedRenderer.cs(21,30): warning CS8618: Non-nullable field '_blendState' must contain a non-null value when exiting constructor. Consider adding the 'required' modifier or declaring the field as nullable. [I:\Visual Studio\XivMediaPlayer\XivMediaPlayer\XivMediaPlayer.csproj]
I:\Visual Studio\XivMediaPlayer\XivMediaPlayer\Compositing\DepthTestedRenderer.cs(22,32): warning CS8618: Non-nullable field '_videoSampler' must contain a non-null value when exiting constructor. Consider adding the 'required' modifier or declaring the field as nullable. [I:\Visual Studio\XivMediaPlayer\XivMediaPlayer\XivMediaPlayer.csproj]
I:\Visual Studio\XivMediaPlayer\XivMediaPlayer\Compositing\DepthTestedRenderer.cs(23,32): warning CS8618: Non-nullable field '_depthSampler' must contain a non-null value when exiting constructor. Consider adding the 'required' modifier or declaring the field as nullable. [I:\Visual Studio\XivMediaPlayer\XivMediaPlayer\XivMediaPlayer.csproj]
I:\Visual Studio\XivMediaPlayer\XivMediaPlayer\Compositing\DepthTestedRenderer.cs(26,26): warning CS8618: Non-nullable field '_constantBuffer' must contain a non-null value when exiting constructor. Consider adding the 'required' modifier or declaring the field as nullable. [I:\Visual Studio\XivMediaPlayer\XivMediaPlayer\XivMediaPlayer.csproj]
I:\Visual Studio\XivMediaPlayer\XivMediaPlayer\Compositing\DepthTestedRenderer.cs(27,26): warning CS8618: Non-nullable field '_uiRectBuffer' must contain a non-null value when exiting constructor. Consider adding the 'required' modifier or declaring the field as nullable. [I:\Visual Studio\XivMediaPlayer\XivMediaPlayer\XivMediaPlayer.csproj]
I:\Visual Studio\XivMediaPlayer\XivMediaPlayer\Compositing\DepthTestedRenderer.cs(30,29): warning CS8618: Non-nullable field '_renderTarget' must contain a non-null value when exiting constructor. Consider adding the 'required' modifier or declaring the field as nullable. [I:\Visual Studio\XivMediaPlayer\XivMediaPlayer\XivMediaPlayer.csproj]
I:\Visual Studio\XivMediaPlayer\XivMediaPlayer\Compositing\DepthTestedRenderer.cs(31,36): warning CS8618: Non-nullable field '_renderTargetView' must contain a non-null value when exiting constructor. Consider adding the 'required' modifier or declaring the field as nullable. [I:\Visual Studio\XivMediaPlayer\XivMediaPlayer\XivMediaPlayer.csproj]
I:\Visual Studio\XivMediaPlayer\XivMediaPlayer\Compositing\DepthTestedRenderer.cs(32,38): warning CS8618: Non-nullable field '_renderTargetSRV' must contain a non-null value when exiting constructor. Consider adding the 'required' modifier or declaring the field as nullable. [I:\Visual Studio\XivMediaPlayer\XivMediaPlayer\XivMediaPlayer.csproj]
I:\Visual Studio\XivMediaPlayer\XivMediaPlayer\Compositing\DepthTestedRenderer.cs(37,20): warning CS8618: Non-nullable field '_initError' must contain a non-null value when exiting constructor. Consider adding the 'required' modifier or declaring the field as nullable. [I:\Visual Studio\XivMediaPlayer\XivMediaPlayer\XivMediaPlayer.csproj]
I:\Visual Studio\XivMediaPlayer\XivMediaPlayer\Windows\VideoWindow.cs(352,13): warning CS8602: Dereference of a possibly null reference. [I:\Visual Studio\XivMediaPlayer\XivMediaPlayer\XivMediaPlayer.csproj]
I:\Visual Studio\XivMediaPlayer\XivMediaPlayer\Compositing\WorldVideoRenderer.cs(182,64): warning CS8603: Possible null reference return. [I:\Visual Studio\XivMediaPlayer\XivMediaPlayer\XivMediaPlayer.csproj]
I:\Visual Studio\XivMediaPlayer\XivMediaPlayer\Compositing\WorldVideoRenderer.cs(185,19): warning CS8625: Cannot convert null literal to non-nullable reference type. [I:\Visual Studio\XivMediaPlayer\XivMediaPlayer\XivMediaPlayer.csproj]
I:\Visual Studio\XivMediaPlayer\XivMediaPlayer\Compositing\WorldVideoRenderer.cs(231,16): warning CS8603: Possible null reference return. [I:\Visual Studio\XivMediaPlayer\XivMediaPlayer\XivMediaPlayer.csproj]
I:\Visual Studio\XivMediaPlayer\XivMediaPlayer\Compositing\WorldVideoRenderer.cs(224,32): warning CS0168: The variable 'ex' is declared but never used [I:\Visual Studio\XivMediaPlayer\XivMediaPlayer\XivMediaPlayer.csproj]
I:\Visual Studio\XivMediaPlayer\XivMediaPlayer\Windows\VideoWindow.cs(378,40): warning CS8629: Nullable value type may be null. [I:\Visual Studio\XivMediaPlayer\XivMediaPlayer\XivMediaPlayer.csproj]
I:\Visual Studio\XivMediaPlayer\XivMediaPlayer\Compositing\WorldVideoRenderer.cs(235,64): warning CS8603: Possible null reference return. [I:\Visual Studio\XivMediaPlayer\XivMediaPlayer\XivMediaPlayer.csproj]
I:\Visual Studio\XivMediaPlayer\XivMediaPlayer\Compositing\WorldVideoRenderer.cs(245,23): warning CS8625: Cannot convert null literal to non-nullable reference type. [I:\Visual Studio\XivMediaPlayer\XivMediaPlayer\XivMediaPlayer.csproj]
I:\Visual Studio\XivMediaPlayer\XivMediaPlayer\Compositing\WorldVideoRenderer.cs(247,27): warning CS8625: Cannot convert null literal to non-nullable reference type. [I:\Visual Studio\XivMediaPlayer\XivMediaPlayer\XivMediaPlayer.csproj]
I:\Visual Studio\XivMediaPlayer\XivMediaPlayer\Compositing\WorldVideoRenderer.cs(284,16): warning CS8603: Possible null reference return. [I:\Visual Studio\XivMediaPlayer\XivMediaPlayer\XivMediaPlayer.csproj]
I:\Visual Studio\XivMediaPlayer\XivMediaPlayer\Compositing\WorldVideoRenderer.cs(277,28): warning CS0168: The variable 'ex' is declared but never used [I:\Visual Studio\XivMediaPlayer\XivMediaPlayer\XivMediaPlayer.csproj]
I:\Visual Studio\XivMediaPlayer\XivMediaPlayer\Windows\VideoWindow.cs(415,25): warning CS8625: Cannot convert null literal to non-nullable reference type. [I:\Visual Studio\XivMediaPlayer\XivMediaPlayer\XivMediaPlayer.csproj]
I:\Visual Studio\XivMediaPlayer\XivMediaPlayer\Windows\VideoWindow.cs(417,23): warning CS8625: Cannot convert null literal to non-nullable reference type. [I:\Visual Studio\XivMediaPlayer\XivMediaPlayer\XivMediaPlayer.csproj]
I:\Visual Studio\XivMediaPlayer\XivMediaPlayer\Windows\DepthPreviewWindow.cs(67,12): warning CS8618: Non-nullable field '_device' must contain a non-null value when exiting constructor. Consider adding the 'required' modifier or declaring the field as nullable. [I:\Visual Studio\XivMediaPlayer\XivMediaPlayer\XivMediaPlayer.csproj]
I:\Visual Studio\XivMediaPlayer\XivMediaPlayer\Windows\DepthPreviewWindow.cs(67,12): warning CS8618: Non-nullable field '_context' must contain a non-null value when exiting constructor. Consider adding the 'required' modifier or declaring the field as nullable. [I:\Visual Studio\XivMediaPlayer\XivMediaPlayer\XivMediaPlayer.csproj]
I:\Visual Studio\XivMediaPlayer\XivMediaPlayer\Windows\DepthPreviewWindow.cs(67,12): warning CS8618: Non-nullable field '_sceneRenderer' must contain a non-null value when exiting constructor. Consider adding the 'required' modifier or declaring the field as nullable. [I:\Visual Studio\XivMediaPlayer\XivMediaPlayer\XivMediaPlayer.csproj]
I:\Visual Studio\XivMediaPlayer\XivMediaPlayer\Windows\DepthPreviewWindow.cs(67,12): warning CS8618: Non-nullable field '_previewTexture' must contain a non-null value when exiting constructor. Consider adding the 'required' modifier or declaring the field as nullable. [I:\Visual Studio\XivMediaPlayer\XivMediaPlayer\XivMediaPlayer.csproj]
I:\Visual Studio\XivMediaPlayer\XivMediaPlayer\Windows\DepthPreviewWindow.cs(67,12): warning CS8618: Non-nullable field '_uiPreviewTexture' must contain a non-null value when exiting constructor. Consider adding the 'required' modifier or declaring the field as nullable. [I:\Visual Studio\XivMediaPlayer\XivMediaPlayer\XivMediaPlayer.csproj]
I:\Visual Studio\XivMediaPlayer\XivMediaPlayer\Windows\DepthPreviewWindow.cs(67,12): warning CS8618: Non-nullable field '_dynamicCopyTex' must contain a non-null value when exiting constructor. Consider adding the 'required' modifier or declaring the field as nullable. [I:\Visual Studio\XivMediaPlayer\XivMediaPlayer\XivMediaPlayer.csproj]
I:\Visual Studio\XivMediaPlayer\XivMediaPlayer\Windows\DepthPreviewWindow.cs(67,12): warning CS8618: Non-nullable field '_dynamicSrv' must contain a non-null value when exiting constructor. Consider adding the 'required' modifier or declaring the field as nullable. [I:\Visual Studio\XivMediaPlayer\XivMediaPlayer\XivMediaPlayer.csproj]
I:\Visual Studio\XivMediaPlayer\XivMediaPlayer\Windows\DepthPreviewWindow.cs(67,12): warning CS8618: Non-nullable field '_dumper' must contain a non-null value when exiting constructor. Consider adding the 'required' modifier or declaring the field as nullable. [I:\Visual Studio\XivMediaPlayer\XivMediaPlayer\XivMediaPlayer.csproj]
I:\Visual Studio\XivMediaPlayer\XivMediaPlayer\Windows\DepthPreviewWindow.cs(67,12): warning CS8618: Non-nullable property 'Capture' must contain a non-null value when exiting constructor. Consider adding the 'required' modifier or declaring the property as nullable. [I:\Visual Studio\XivMediaPlayer\XivMediaPlayer\XivMediaPlayer.csproj]
I:\Visual Studio\XivMediaPlayer\XivMediaPlayer\Windows\DepthPreviewWindow.cs(67,12): warning CS8618: Non-nullable property 'UICapture' must contain a non-null value when exiting constructor. Consider adding the 'required' modifier or declaring the property as nullable. [I:\Visual Studio\XivMediaPlayer\XivMediaPlayer\XivMediaPlayer.csproj]
I:\Visual Studio\XivMediaPlayer\XivMediaPlayer\Windows\DepthPreviewWindow.cs(67,12): warning CS8618: Non-nullable property 'Config' must contain a non-null value when exiting constructor. Consider adding the 'required' modifier or declaring the property as nullable. [I:\Visual Studio\XivMediaPlayer\XivMediaPlayer\XivMediaPlayer.csproj]
I:\Visual Studio\XivMediaPlayer\XivMediaPlayer\Windows\Direct3D11VideoTexture.cs(21,16): warning CS8618: Non-nullable field '_device' must contain a non-null value when exiting constructor. Consider adding the 'required' modifier or declaring the field as nullable. [I:\Visual Studio\XivMediaPlayer\XivMediaPlayer\XivMediaPlayer.csproj]
I:\Visual Studio\XivMediaPlayer\XivMediaPlayer\Windows\Direct3D11VideoTexture.cs(21,16): warning CS8618: Non-nullable field '_context' must contain a non-null value when exiting constructor. Consider adding the 'required' modifier or declaring the field as nullable. [I:\Visual Studio\XivMediaPlayer\XivMediaPlayer\XivMediaPlayer.csproj]
I:\Visual Studio\XivMediaPlayer\XivMediaPlayer\Windows\Direct3D11VideoTexture.cs(21,16): warning CS8618: Non-nullable field '_texture' must contain a non-null value when exiting constructor. Consider adding the 'required' modifier or declaring the field as nullable. [I:\Visual Studio\XivMediaPlayer\XivMediaPlayer\XivMediaPlayer.csproj]
I:\Visual Studio\XivMediaPlayer\XivMediaPlayer\Windows\Direct3D11VideoTexture.cs(21,16): warning CS8618: Non-nullable field '_srv' must contain a non-null value when exiting constructor. Consider adding the 'required' modifier or declaring the field as nullable. [I:\Visual Studio\XivMediaPlayer\XivMediaPlayer\XivMediaPlayer.csproj]
I:\Visual Studio\XivMediaPlayer\XivMediaPlayer\Compositing\UILayerCapture.cs(431,17): warning CS8625: Cannot convert null literal to non-nullable reference type. [I:\Visual Studio\XivMediaPlayer\XivMediaPlayer\XivMediaPlayer.csproj]
I:\Visual Studio\XivMediaPlayer\XivMediaPlayer\Compositing\UILayerCapture.cs(432,18): warning CS8625: Cannot convert null literal to non-nullable reference type. [I:\Visual Studio\XivMediaPlayer\XivMediaPlayer\XivMediaPlayer.csproj]
I:\Visual Studio\XivMediaPlayer\XivMediaPlayer\Compositing\HistoryMenuTextureManager.cs(49,28): warning CS8625: Cannot convert null literal to non-nullable reference type. [I:\Visual Studio\XivMediaPlayer\XivMediaPlayer\XivMediaPlayer.csproj]
I:\Visual Studio\XivMediaPlayer\XivMediaPlayer\Compositing\HistoryMenuTextureManager.cs(177,28): warning CS8625: Cannot convert null literal to non-nullable reference type. [I:\Visual Studio\XivMediaPlayer\XivMediaPlayer\XivMediaPlayer.csproj]
I:\Visual Studio\XivMediaPlayer\XivMediaPlayer\Windows\Direct3D11VideoTexture.cs(85,23): warning CS8625: Cannot convert null literal to non-nullable reference type. [I:\Visual Studio\XivMediaPlayer\XivMediaPlayer\XivMediaPlayer.csproj]
I:\Visual Studio\XivMediaPlayer\XivMediaPlayer\Windows\Direct3D11VideoTexture.cs(86,24): warning CS8625: Cannot convert null literal to non-nullable reference type. [I:\Visual Studio\XivMediaPlayer\XivMediaPlayer\XivMediaPlayer.csproj]
I:\Visual Studio\XivMediaPlayer\XivMediaPlayer\Windows\Direct3D11VideoTexture.cs(87,20): warning CS8625: Cannot convert null literal to non-nullable reference type. [I:\Visual Studio\XivMediaPlayer\XivMediaPlayer\XivMediaPlayer.csproj]
I:\Visual Studio\XivMediaPlayer\XivMediaPlayer\Windows\Direct3D11VideoTexture.cs(88,24): warning CS8625: Cannot convert null literal to non-nullable reference type. [I:\Visual Studio\XivMediaPlayer\XivMediaPlayer\XivMediaPlayer.csproj]
I:\Visual Studio\XivMediaPlayer\XivMediaPlayer\Plugin.cs(222,23): warning CS8600: Converting null literal or possible null value to non-nullable type. [I:\Visual Studio\XivMediaPlayer\XivMediaPlayer\XivMediaPlayer.csproj]
I:\Visual Studio\XivMediaPlayer\XivMediaPlayer\Plugin.cs(312,43): warning CS8622: Nullability of reference types in type of parameter 'sender' of 'void Plugin.OnVideoWindowResized(object sender, EventArgs e)' doesn't match the target delegate 'EventHandler' (possibly because of nullability attributes). [I:\Visual Studio\XivMediaPlayer\XivMediaPlayer\XivMediaPlayer.csproj]
I:\Visual Studio\XivMediaPlayer\XivMediaPlayer\Plugin.cs(167,16): warning CS8618: Non-nullable field '_mediaManager' must contain a non-null value when exiting constructor. Consider adding the 'required' modifier or declaring the field as nullable. [I:\Visual Studio\XivMediaPlayer\XivMediaPlayer\XivMediaPlayer.csproj]
I:\Visual Studio\XivMediaPlayer\XivMediaPlayer\Plugin.cs(167,16): warning CS8618: Non-nullable field '_playerCamera' must contain a non-null value when exiting constructor. Consider adding the 'required' modifier or declaring the field as nullable. [I:\Visual Studio\XivMediaPlayer\XivMediaPlayer\XivMediaPlayer.csproj]
I:\Visual Studio\XivMediaPlayer\XivMediaPlayer\Plugin.cs(167,16): warning CS8618: Non-nullable field '_streamURLs' must contain a non-null value when exiting constructor. Consider adding the 'required' modifier or declaring the field as nullable. [I:\Visual Studio\XivMediaPlayer\XivMediaPlayer\XivMediaPlayer.csproj]
I:\Visual Studio\XivMediaPlayer\XivMediaPlayer\Plugin.cs(167,16): warning CS8618: Non-nullable field '_lastStreamURL' must contain a non-null value when exiting constructor. Consider adding the 'required' modifier or declaring the field as nullable. [I:\Visual Studio\XivMediaPlayer\XivMediaPlayer\XivMediaPlayer.csproj]
I:\Visual Studio\XivMediaPlayer\XivMediaPlayer\Plugin.cs(167,16): warning CS8618: Non-nullable field '_potentialStream' must contain a non-null value when exiting constructor. Consider adding the 'required' modifier or declaring the field as nullable. [I:\Visual Studio\XivMediaPlayer\XivMediaPlayer\XivMediaPlayer.csproj]
I:\Visual Studio\XivMediaPlayer\XivMediaPlayer\Plugin.cs(167,16): warning CS8618: Non-nullable field '_cefBrowserHandle' must contain a non-null value when exiting constructor. Consider adding the 'required' modifier or declaring the field as nullable. [I:\Visual Studio\XivMediaPlayer\XivMediaPlayer\XivMediaPlayer.csproj]
I:\Visual Studio\XivMediaPlayer\XivMediaPlayer\Compositing\DepthBufferCapture.cs(109,25): warning CS8625: Cannot convert null literal to non-nullable reference type. [I:\Visual Studio\XivMediaPlayer\XivMediaPlayer\XivMediaPlayer.csproj]
I:\Visual Studio\XivMediaPlayer\XivMediaPlayer\Compositing\DepthBufferCapture.cs(110,25): warning CS8625: Cannot convert null literal to non-nullable reference type. [I:\Visual Studio\XivMediaPlayer\XivMediaPlayer\XivMediaPlayer.csproj]
I:\Visual Studio\XivMediaPlayer\XivMediaPlayer\Compositing\DepthBufferCapture.cs(111,27): warning CS8625: Cannot convert null literal to non-nullable reference type. [I:\Visual Studio\XivMediaPlayer\XivMediaPlayer\XivMediaPlayer.csproj]
I:\Visual Studio\XivMediaPlayer\XivMediaPlayer\Compositing\WorldVideoRenderer.cs(299,76): warning CS8601: Possible null reference assignment. [I:\Visual Studio\XivMediaPlayer\XivMediaPlayer\XivMediaPlayer.csproj]
I:\Visual Studio\XivMediaPlayer\XivMediaPlayer\Compositing\WorldVideoRenderer.cs(300,76): warning CS8601: Possible null reference assignment. [I:\Visual Studio\XivMediaPlayer\XivMediaPlayer\XivMediaPlayer.csproj]
I:\Visual Studio\XivMediaPlayer\XivMediaPlayer\Compositing\WorldVideoRenderer.cs(303,54): warning CS8601: Possible null reference assignment. [I:\Visual Studio\XivMediaPlayer\XivMediaPlayer\XivMediaPlayer.csproj]
I:\Visual Studio\XivMediaPlayer\XivMediaPlayer\Compositing\WorldVideoRenderer.cs(303,73): warning CS8601: Possible null reference assignment. [I:\Visual Studio\XivMediaPlayer\XivMediaPlayer\XivMediaPlayer.csproj]
I:\Visual Studio\XivMediaPlayer\XivMediaPlayer\Compositing\WorldVideoRenderer.cs(334,22): warning CS8602: Dereference of a possibly null reference. [I:\Visual Studio\XivMediaPlayer\XivMediaPlayer\XivMediaPlayer.csproj]
I:\Visual Studio\XivMediaPlayer\XivMediaPlayer\Compositing\WorldVideoRenderer.cs(412,11): warning CS8604: Possible null reference argument for parameter 'uiLayerSrv' in 'bool DepthTestedRenderer.Render((Vector2 tl, Vector2 tr, Vector2 br, Vector2 bl) screenCorners, (Vector3 tl, Vector3 tr, Vector3 br, Vector3 bl) worldCorners, Vector3 cameraPos, Vector3 cameraForward, Vector3 cameraRight, Vector3 cameraUp, float fovY, float aspectRatio, nint videoSrvPtr, ID3D11ShaderResourceView depthSrv, Vector4 cornerDepths, float nearPlane, float farPlane, int screenWidth, int screenHeight, ID3D11ShaderResourceView uiLayerSrv, Vector2? hoverUV, float progress, bool isPlaying, float lockState, float minDepth, float maxDepth, float volume, float renderWidth, float renderHeight, List<(int X, int Y, int W, int H, string Name)> uiRects, nint titleSrvPtr = 0, bool isLooping = false, bool isShuffle = false, float time = 0, float showScreensaver = 0, float videoAspectRatio = 0, nint gbuffer2SrvPtr = 0, nint gbuffer3SrvPtr = 0, nint transparentUiSrvPtr = 0, nint vignetteExtrapolatedSrvPtr = 0, bool useDifferenceFallback = false)'. [I:\Visual Studio\XivMediaPlayer\XivMediaPlayer\XivMediaPlayer.csproj]
I:\Visual Studio\XivMediaPlayer\XivMediaPlayer\Compositing\WorldVideoRenderer.cs(416,11): warning CS8604: Possible null reference argument for parameter 'uiRects' in 'bool DepthTestedRenderer.Render((Vector2 tl, Vector2 tr, Vector2 br, Vector2 bl) screenCorners, (Vector3 tl, Vector3 tr, Vector3 br, Vector3 bl) worldCorners, Vector3 cameraPos, Vector3 cameraForward, Vector3 cameraRight, Vector3 cameraUp, float fovY, float aspectRatio, nint videoSrvPtr, ID3D11ShaderResourceView depthSrv, Vector4 cornerDepths, float nearPlane, float farPlane, int screenWidth, int screenHeight, ID3D11ShaderResourceView uiLayerSrv, Vector2? hoverUV, float progress, bool isPlaying, float lockState, float minDepth, float maxDepth, float volume, float renderWidth, float renderHeight, List<(int X, int Y, int W, int H, string Name)> uiRects, nint titleSrvPtr = 0, bool isLooping = false, bool isShuffle = false, float time = 0, float showScreensaver = 0, float videoAspectRatio = 0, nint gbuffer2SrvPtr = 0, nint gbuffer3SrvPtr = 0, nint transparentUiSrvPtr = 0, nint vignetteExtrapolatedSrvPtr = 0, bool useDifferenceFallback = false)'. [I:\Visual Studio\XivMediaPlayer\XivMediaPlayer\XivMediaPlayer.csproj]
I:\Visual Studio\XivMediaPlayer\XivMediaPlayer\Compositing\WorldVideoRenderer.cs(439,26): warning CS0168: The variable 'ex' is declared but never used [I:\Visual Studio\XivMediaPlayer\XivMediaPlayer\XivMediaPlayer.csproj]
I:\Visual Studio\XivMediaPlayer\XivMediaPlayer\Networking\ServerClient.cs(72,28): warning CS8603: Possible null reference return. [I:\Visual Studio\XivMediaPlayer\XivMediaPlayer\XivMediaPlayer.csproj]
I:\Visual Studio\XivMediaPlayer\XivMediaPlayer\Networking\ServerClient.cs(80,20): warning CS8603: Possible null reference return. [I:\Visual Studio\XivMediaPlayer\XivMediaPlayer\XivMediaPlayer.csproj]
I:\Visual Studio\XivMediaPlayer\XivMediaPlayer\Networking\ServerClient.cs(108,28): warning CS8603: Possible null reference return. [I:\Visual Studio\XivMediaPlayer\XivMediaPlayer\XivMediaPlayer.csproj]
I:\Visual Studio\XivMediaPlayer\XivMediaPlayer\Networking\ServerClient.cs(115,20): warning CS8603: Possible null reference return. [I:\Visual Studio\XivMediaPlayer\XivMediaPlayer\XivMediaPlayer.csproj]
I:\Visual Studio\XivMediaPlayer\XivMediaPlayer\Plugin.cs(656,50): warning CS8622: Nullability of reference types in type of parameter 'sender' of 'void Plugin._mediaManager_OnNewMediaTriggered(object sender, EventArgs e)' doesn't match the target delegate 'EventHandler' (possibly because of nullability attributes). [I:\Visual Studio\XivMediaPlayer\XivMediaPlayer\XivMediaPlayer.csproj]
I:\Visual Studio\XivMediaPlayer\XivMediaPlayer\Networking\ServerClient.cs(141,28): warning CS8603: Possible null reference return. [I:\Visual Studio\XivMediaPlayer\XivMediaPlayer\XivMediaPlayer.csproj]
I:\Visual Studio\XivMediaPlayer\XivMediaPlayer\Networking\ServerClient.cs(151,20): warning CS8603: Possible null reference return. [I:\Visual Studio\XivMediaPlayer\XivMediaPlayer\XivMediaPlayer.csproj]
I:\Visual Studio\XivMediaPlayer\XivMediaPlayer\Plugin.cs(673,24): warning CS8603: Possible null reference return. [I:\Visual Studio\XivMediaPlayer\XivMediaPlayer\XivMediaPlayer.csproj]
I:\Visual Studio\XivMediaPlayer\XivMediaPlayer\Plugin.cs(679,20): warning CS8603: Possible null reference return. [I:\Visual Studio\XivMediaPlayer\XivMediaPlayer\XivMediaPlayer.csproj]
I:\Visual Studio\XivMediaPlayer\XivMediaPlayer\Windows\DepthPreviewWindow.cs(205,64): warning CS8603: Possible null reference return. [I:\Visual Studio\XivMediaPlayer\XivMediaPlayer\XivMediaPlayer.csproj]
I:\Visual Studio\XivMediaPlayer\XivMediaPlayer\Windows\DepthPreviewWindow.cs(223,23): warning CS8625: Cannot convert null literal to non-nullable reference type. [I:\Visual Studio\XivMediaPlayer\XivMediaPlayer\XivMediaPlayer.csproj]
I:\Visual Studio\XivMediaPlayer\XivMediaPlayer\Windows\DepthPreviewWindow.cs(225,27): warning CS8625: Cannot convert null literal to non-nullable reference type. [I:\Visual Studio\XivMediaPlayer\XivMediaPlayer\XivMediaPlayer.csproj]
I:\Visual Studio\XivMediaPlayer\XivMediaPlayer\Windows\DepthPreviewWindow.cs(288,16): warning CS8603: Possible null reference return. [I:\Visual Studio\XivMediaPlayer\XivMediaPlayer\XivMediaPlayer.csproj]
I:\Visual Studio\XivMediaPlayer\XivMediaPlayer\Compositing\DepthBufferCapture.cs(363,27): warning CS8629: Nullable value type may be null. [I:\Visual Studio\XivMediaPlayer\XivMediaPlayer\XivMediaPlayer.csproj]
I:\Visual Studio\XivMediaPlayer\XivMediaPlayer\Compositing\DepthBufferCapture.cs(364,23): warning CS8629: Nullable value type may be null. [I:\Visual Studio\XivMediaPlayer\XivMediaPlayer\XivMediaPlayer.csproj]
I:\Visual Studio\XivMediaPlayer\XivMediaPlayer\Compositing\DepthBufferCapture.cs(478,17): warning CS8625: Cannot convert null literal to non-nullable reference type. [I:\Visual Studio\XivMediaPlayer\XivMediaPlayer\XivMediaPlayer.csproj]
I:\Visual Studio\XivMediaPlayer\XivMediaPlayer\Compositing\DepthBufferCapture.cs(479,18): warning CS8625: Cannot convert null literal to non-nullable reference type. [I:\Visual Studio\XivMediaPlayer\XivMediaPlayer\XivMediaPlayer.csproj]
I:\Visual Studio\XivMediaPlayer\XivMediaPlayer\Compositing\DepthBufferCapture.cs(16,33): warning CS8618: Non-nullable field '_context' must contain a non-null value when exiting constructor. Consider adding the 'required' modifier or declaring the field as nullable. [I:\Visual Studio\XivMediaPlayer\XivMediaPlayer\XivMediaPlayer.csproj]
I:\Visual Studio\XivMediaPlayer\XivMediaPlayer\Compositing\DepthBufferCapture.cs(17,26): warning CS8618: Non-nullable field '_device' must contain a non-null value when exiting constructor. Consider adding the 'required' modifier or declaring the field as nullable. [I:\Visual Studio\XivMediaPlayer\XivMediaPlayer\XivMediaPlayer.csproj]
I:\Visual Studio\XivMediaPlayer\XivMediaPlayer\Compositing\DepthBufferCapture.cs(18,29): warning CS8618: Non-nullable field '_depthCopy' must contain a non-null value when exiting constructor. Consider adding the 'required' modifier or declaring the field as nullable. [I:\Visual Studio\XivMediaPlayer\XivMediaPlayer\XivMediaPlayer.csproj]
I:\Visual Studio\XivMediaPlayer\XivMediaPlayer\Compositing\DepthBufferCapture.cs(19,29): warning CS8618: Non-nullable field '_stagingTexture' must contain a non-null value when exiting constructor. Consider adding the 'required' modifier or declaring the field as nullable. [I:\Visual Studio\XivMediaPlayer\XivMediaPlayer\XivMediaPlayer.csproj]
I:\Visual Studio\XivMediaPlayer\XivMediaPlayer\Compositing\DepthBufferCapture.cs(20,36): warning CS8618: Non-nullable field '_depthCopyDSV' must contain a non-null value when exiting constructor. Consider adding the 'required' modifier or declaring the field as nullable. [I:\Visual Studio\XivMediaPlayer\XivMediaPlayer\XivMediaPlayer.csproj]
I:\Visual Studio\XivMediaPlayer\XivMediaPlayer\Compositing\DepthBufferCapture.cs(21,38): warning CS8618: Non-nullable field '_depthCopySRV' must contain a non-null value when exiting constructor. Consider adding the 'required' modifier or declaring the field as nullable. [I:\Visual Studio\XivMediaPlayer\XivMediaPlayer\XivMediaPlayer.csproj]
I:\Visual Studio\XivMediaPlayer\XivMediaPlayer\Compositing\DepthBufferCapture.cs(32,20): warning CS8618: Non-nullable field '_lastRgbaData' must contain a non-null value when exiting constructor. Consider adding the 'required' modifier or declaring the field as nullable. [I:\Visual Studio\XivMediaPlayer\XivMediaPlayer\XivMediaPlayer.csproj]
I:\Visual Studio\XivMediaPlayer\XivMediaPlayer\Compositing\DepthBufferCapture.cs(36,21): warning CS8618: Non-nullable field '_depthData' must contain a non-null value when exiting constructor. Consider adding the 'required' modifier or declaring the field as nullable. [I:\Visual Studio\XivMediaPlayer\XivMediaPlayer\XivMediaPlayer.csproj]
I:\Visual Studio\XivMediaPlayer\XivMediaPlayer\Compositing\DepthBufferCapture.cs(46,20): warning CS8618: Non-nullable property 'LastDepthData' must contain a non-null value when exiting constructor. Consider adding the 'required' modifier or declaring the property as nullable. [I:\Visual Studio\XivMediaPlayer\XivMediaPlayer\XivMediaPlayer.csproj]
I:\Visual Studio\XivMediaPlayer\XivMediaPlayer\Windows\DepthPreviewWindow.cs(308,41): warning CS8602: Dereference of a possibly null reference. [I:\Visual Studio\XivMediaPlayer\XivMediaPlayer\XivMediaPlayer.csproj]
I:\Visual Studio\XivMediaPlayer\XivMediaPlayer\Windows\DepthPreviewWindow.cs(320,33): warning CS8602: Dereference of a possibly null reference. [I:\Visual Studio\XivMediaPlayer\XivMediaPlayer\XivMediaPlayer.csproj]
I:\Visual Studio\XivMediaPlayer\XivMediaPlayer\Windows\DepthPreviewWindow.cs(394,27): warning CS8600: Converting null literal or possible null value to non-nullable type. [I:\Visual Studio\XivMediaPlayer\XivMediaPlayer\XivMediaPlayer.csproj]
I:\Visual Studio\XivMediaPlayer\XivMediaPlayer\Windows\DepthPreviewWindow.cs(568,38): warning CS8600: Converting null literal or possible null value to non-nullable type. [I:\Visual Studio\XivMediaPlayer\XivMediaPlayer\XivMediaPlayer.csproj]
I:\Visual Studio\XivMediaPlayer\XivMediaPlayer\Plugin.cs(1120,92): warning CS8625: Cannot convert null literal to non-nullable reference type. [I:\Visual Studio\XivMediaPlayer\XivMediaPlayer\XivMediaPlayer.csproj]
I:\Visual Studio\XivMediaPlayer\XivMediaPlayer\Plugin.cs(1279,36): warning CS8600: Converting null literal or possible null value to non-nullable type. [I:\Visual Studio\XivMediaPlayer\XivMediaPlayer\XivMediaPlayer.csproj]
I:\Visual Studio\XivMediaPlayer\XivMediaPlayer\Plugin.cs(1367,120): warning CS8629: Nullable value type may be null. [I:\Visual Studio\XivMediaPlayer\XivMediaPlayer\XivMediaPlayer.csproj]
I:\Visual Studio\XivMediaPlayer\XivMediaPlayer\Plugin.cs(1415,27): warning CS8625: Cannot convert null literal to non-nullable reference type. [I:\Visual Studio\XivMediaPlayer\XivMediaPlayer\XivMediaPlayer.csproj]
I:\Visual Studio\XivMediaPlayer\XivMediaPlayer\Plugin.cs(1427,33): warning CS8625: Cannot convert null literal to non-nullable reference type. [I:\Visual Studio\XivMediaPlayer\XivMediaPlayer\XivMediaPlayer.csproj]
I:\Visual Studio\XivMediaPlayer\XivMediaPlayer\Plugin.cs(1669,36): warning CS8601: Possible null reference assignment. [I:\Visual Studio\XivMediaPlayer\XivMediaPlayer\XivMediaPlayer.csproj]
I:\Visual Studio\XivMediaPlayer\XivMediaPlayer\Plugin.cs(2027,46): warning CS8603: Possible null reference return. [I:\Visual Studio\XivMediaPlayer\XivMediaPlayer\XivMediaPlayer.csproj]
I:\Visual Studio\XivMediaPlayer\XivMediaPlayer\Plugin.cs(2063,56): warning CS8602: Dereference of a possibly null reference. [I:\Visual Studio\XivMediaPlayer\XivMediaPlayer\XivMediaPlayer.csproj]
I:\Visual Studio\XivMediaPlayer\XivMediaPlayer\Plugin.cs(2078,32): warning CS8603: Possible null reference return. [I:\Visual Studio\XivMediaPlayer\XivMediaPlayer\XivMediaPlayer.csproj]
I:\Visual Studio\XivMediaPlayer\XivMediaPlayer\Plugin.cs(2443,96): warning CS8604: Possible null reference argument for parameter 'depthCapture' in 'bool UILayerCapture.IsPixelOccluding(int x, int y, nint unk68Ptr, DepthBufferCapture depthCapture, bool useDifferenceFallback)'. [I:\Visual Studio\XivMediaPlayer\XivMediaPlayer\XivMediaPlayer.csproj]
I:\Visual Studio\XivMediaPlayer\XivMediaPlayer\Plugin.cs(2788,78): warning CS8604: Possible null reference argument for parameter 'depthCapture' in 'void WorldVideoRenderer.Render(nint textureSrv, int textureWidth, int textureHeight, DepthBufferCapture depthCapture = null, Vector3? cameraPos = null, Vector3? cameraForward = null, Vector3? cameraRight = null, Vector3? cameraUp = null, float fovY = 0.7853982, float aspectRatio = 1, UILayerCapture uiCapture = null, float nearPlane = 0.1, float farPlane = 10000, Vector2? hoverUV = null, float progress = 0, bool isPlaying = false, float lockState = 1, float volume = 1, nint titleSrvPtr = 0, bool isLooping = false, bool isShuffle = false, float time = 0, float showScreensaver = 0, bool useDifferenceFallback = false, Matrix4x4? viewProjMatrix = null, Vector2? viewportPos = null, Vector2? viewportSize = null)'. [I:\Visual Studio\XivMediaPlayer\XivMediaPlayer\XivMediaPlayer.csproj]
I:\Visual Studio\XivMediaPlayer\XivMediaPlayer\Plugin.cs(2788,161): warning CS8604: Possible null reference argument for parameter 'uiCapture' in 'void WorldVideoRenderer.Render(nint textureSrv, int textureWidth, int textureHeight, DepthBufferCapture depthCapture = null, Vector3? cameraPos = null, Vector3? cameraForward = null, Vector3? cameraRight = null, Vector3? cameraUp = null, float fovY = 0.7853982, float aspectRatio = 1, UILayerCapture uiCapture = null, float nearPlane = 0.1, float farPlane = 10000, Vector2? hoverUV = null, float progress = 0, bool isPlaying = false, float lockState = 1, float volume = 1, nint titleSrvPtr = 0, bool isLooping = false, bool isShuffle = false, float time = 0, float showScreensaver = 0, bool useDifferenceFallback = false, Matrix4x4? viewProjMatrix = null, Vector2? viewportPos = null, Vector2? viewportSize = null)'. [I:\Visual Studio\XivMediaPlayer\XivMediaPlayer\XivMediaPlayer.csproj]
I:\Visual Studio\XivMediaPlayer\XivMediaPlayer\Plugin.cs(3477,29): warning CS8625: Cannot convert null literal to non-nullable reference type. [I:\Visual Studio\XivMediaPlayer\XivMediaPlayer\XivMediaPlayer.csproj]
I:\Visual Studio\XivMediaPlayer\XivMediaPlayer\Plugin.cs(3479,33): warning CS8625: Cannot convert null literal to non-nullable reference type. [I:\Visual Studio\XivMediaPlayer\XivMediaPlayer\XivMediaPlayer.csproj]
I:\Visual Studio\XivMediaPlayer\XivMediaPlayer\Plugin.cs(3480,41): warning CS8625: Cannot convert null literal to non-nullable reference type. [I:\Visual Studio\XivMediaPlayer\XivMediaPlayer\XivMediaPlayer.csproj]
I:\Visual Studio\XivMediaPlayer\XivMediaPlayer\Plugin.cs(3528,67): warning CS8625: Cannot convert null literal to non-nullable reference type. [I:\Visual Studio\XivMediaPlayer\XivMediaPlayer\XivMediaPlayer.csproj]
I:\Visual Studio\XivMediaPlayer\XivMediaPlayer\Plugin.cs(3536,67): warning CS8625: Cannot convert null literal to non-nullable reference type. [I:\Visual Studio\XivMediaPlayer\XivMediaPlayer\XivMediaPlayer.csproj]
I:\Visual Studio\XivMediaPlayer\XivMediaPlayer\Plugin.cs(3550,43): warning CS8622: Nullability of reference types in type of parameter 'sender' of 'void Plugin.OnVideoWindowResized(object sender, EventArgs e)' doesn't match the target delegate 'EventHandler' (possibly because of nullability attributes). [I:\Visual Studio\XivMediaPlayer\XivMediaPlayer\XivMediaPlayer.csproj]
I:\Visual Studio\XivMediaPlayer\XivMediaPlayer\Plugin.cs(3555,54): warning CS8622: Nullability of reference types in type of parameter 'sender' of 'void Plugin._mediaManager_OnNewMediaTriggered(object sender, EventArgs e)' doesn't match the target delegate 'EventHandler' (possibly because of nullability attributes). [I:\Visual Studio\XivMediaPlayer\XivMediaPlayer\XivMediaPlayer.csproj]
I:\Visual Studio\XivMediaPlayer\XivMediaPlayer\Compositing\UILayerCapture.cs(30,19): warning CS0169: The field 'UILayerCapture._lastPreDrawFrame' is never used [I:\Visual Studio\XivMediaPlayer\XivMediaPlayer\XivMediaPlayer.csproj]
I:\Visual Studio\XivMediaPlayer\XivMediaPlayer\Windows\VideoWindow.cs(36,20): warning CS0169: The field 'VideoWindow._lastLoadedFrame' is never used [I:\Visual Studio\XivMediaPlayer\XivMediaPlayer\XivMediaPlayer.csproj]
I:\Visual Studio\XivMediaPlayer\XivMediaPlayer\Windows\DepthPreviewWindow.cs(19,26): warning CS0169: The field 'DepthPreviewWindow._device' is never used [I:\Visual Studio\XivMediaPlayer\XivMediaPlayer\XivMediaPlayer.csproj]
I:\Visual Studio\XivMediaPlayer\XivMediaPlayer\Plugin.cs(120,22): warning CS0169: The field 'Plugin._isDisposing' is never used [I:\Visual Studio\XivMediaPlayer\XivMediaPlayer\XivMediaPlayer.csproj]
I:\Visual Studio\XivMediaPlayer\XivMediaPlayer\Windows\DepthPreviewWindow.cs(20,33): warning CS0169: The field 'DepthPreviewWindow._context' is never used [I:\Visual Studio\XivMediaPlayer\XivMediaPlayer\XivMediaPlayer.csproj]
I:\Visual Studio\XivMediaPlayer\XivMediaPlayer\Windows\VideoWindow.cs(18,25): warning CS0169: The field 'VideoWindow.textureWrap' is never used [I:\Visual Studio\XivMediaPlayer\XivMediaPlayer\XivMediaPlayer.csproj]
I:\Visual Studio\XivMediaPlayer\XivMediaPlayer\Windows\VideoWindow.cs(26,9): warning CS0414: The field 'VideoWindow.countedFrames' is assigned but its value is never used [I:\Visual Studio\XivMediaPlayer\XivMediaPlayer\XivMediaPlayer.csproj]
I:\Visual Studio\XivMediaPlayer\XivMediaPlayer\Compositing\UILayerCapture.cs(29,18): warning CS0414: The field 'UILayerCapture._preUiCapturedThisFrame' is assigned but its value is never used [I:\Visual Studio\XivMediaPlayer\XivMediaPlayer\XivMediaPlayer.csproj]
I:\Visual Studio\XivMediaPlayer\XivMediaPlayer\Plugin.cs(108,22): warning CS0414: The field 'Plugin._killRestartQueued' is assigned but its value is never used [I:\Visual Studio\XivMediaPlayer\XivMediaPlayer\XivMediaPlayer.csproj]
I:\Visual Studio\XivMediaPlayer\XivMediaPlayer\Windows\VideoWindow.cs(25,20): warning CS0414: The field 'VideoWindow.fpsCount' is assigned but its value is never used [I:\Visual Studio\XivMediaPlayer\XivMediaPlayer\XivMediaPlayer.csproj]
I:\Visual Studio\XivMediaPlayer\XivMediaPlayer\Plugin.cs(91,22): warning CS0414: The field 'Plugin._wasDragging3DSeek' is assigned but its value is never used [I:\Visual Studio\XivMediaPlayer\XivMediaPlayer\XivMediaPlayer.csproj]
I:\Visual Studio\XivMediaPlayer\XivMediaPlayer\Plugin.cs(2330,63): error CS1061: 'CameraBase' does not contain a definition for 'ProjectionMatrix' and no accessible extension method 'ProjectionMatrix' accepting a first argument of type 'CameraBase' could be found (are you missing a using directive or an assembly reference?) [I:\Visual Studio\XivMediaPlayer\XivMediaPlayer\XivMediaPlayer.csproj]
    262 Warning(s)
    1 Error(s)

Time Elapsed 00:00:03.48
